Archive member included to satisfy reference by file (symbol)

d:/embeddeddevelopment/gcc-arm-none-eabi-10.3-2021.10-win32/gcc-arm-none-eabi-10.3-2021.10/bin/../lib/gcc/arm-none-eabi/10.3.1/thumb/v7-m/nofp\libgcc.a(_arm_mulsf3.o)
                              CMakeFiles/chassis.elf.dir/Core/Src/main.c.obj (__aeabi_fmul)
d:/embeddeddevelopment/gcc-arm-none-eabi-10.3-2021.10-win32/gcc-arm-none-eabi-10.3-2021.10/bin/../lib/gcc/arm-none-eabi/10.3.1/thumb/v7-m/nofp\libgcc.a(_arm_addsubdf3.o)
                              CMakeFiles/chassis.elf.dir/Core/Src/main.c.obj (__aeabi_f2d)
d:/embeddeddevelopment/gcc-arm-none-eabi-10.3-2021.10-win32/gcc-arm-none-eabi-10.3-2021.10/bin/../lib/gcc/arm-none-eabi/10.3.1/thumb/v7-m/nofp\libgcc.a(_arm_muldivdf3.o)
                              CMakeFiles/chassis.elf.dir/Core/Src/main.c.obj (__aeabi_ddiv)
d:/embeddeddevelopment/gcc-arm-none-eabi-10.3-2021.10-win32/gcc-arm-none-eabi-10.3-2021.10/bin/../lib/gcc/arm-none-eabi/10.3.1/thumb/v7-m/nofp\libgcc.a(_arm_truncdfsf2.o)
                              CMakeFiles/chassis.elf.dir/Core/Src/main.c.obj (__aeabi_d2f)
d:/embeddeddevelopment/gcc-arm-none-eabi-10.3-2021.10-win32/gcc-arm-none-eabi-10.3-2021.10/bin/../lib/gcc/arm-none-eabi/10.3.1/thumb/v7-m/nofp\libgcc.a(_arm_addsubsf3.o)
                              CMakeFiles/chassis.elf.dir/Core/Src/main.c.obj (__aeabi_fsub)
d:/embeddeddevelopment/gcc-arm-none-eabi-10.3-2021.10-win32/gcc-arm-none-eabi-10.3-2021.10/bin/../lib/gcc/arm-none-eabi/10.3.1/thumb/v7-m/nofp\libgcc.a(_arm_muldivsf3.o)
                              CMakeFiles/chassis.elf.dir/Core/Src/main.c.obj (__aeabi_fdiv)
d:/embeddeddevelopment/gcc-arm-none-eabi-10.3-2021.10-win32/gcc-arm-none-eabi-10.3-2021.10/bin/../lib/gcc/arm-none-eabi/10.3.1/thumb/v7-m/nofp\libgcc.a(_arm_cmpsf2.o)
                              CMakeFiles/chassis.elf.dir/Core/Src/main.c.obj (__aeabi_fcmplt)
d:/embeddeddevelopment/gcc-arm-none-eabi-10.3-2021.10-win32/gcc-arm-none-eabi-10.3-2021.10/bin/../lib/gcc/arm-none-eabi/10.3.1/thumb/v7-m/nofp\libgcc.a(_arm_fixunssfsi.o)
                              CMakeFiles/chassis.elf.dir/Core/Src/main.c.obj (__aeabi_f2uiz)
d:/embeddeddevelopment/gcc-arm-none-eabi-10.3-2021.10-win32/gcc-arm-none-eabi-10.3-2021.10/bin/../lib/gcc/arm-none-eabi/10.3.1/../../../../arm-none-eabi/lib/thumb/v7-m/nofp\libg.a(lib_a-errno.o)
                              CMakeFiles/chassis.elf.dir/Core/Src/syscalls.c.obj (__errno)
d:/embeddeddevelopment/gcc-arm-none-eabi-10.3-2021.10-win32/gcc-arm-none-eabi-10.3-2021.10/bin/../lib/gcc/arm-none-eabi/10.3.1/../../../../arm-none-eabi/lib/thumb/v7-m/nofp\libg.a(lib_a-exit.o)
                              d:/embeddeddevelopment/gcc-arm-none-eabi-10.3-2021.10-win32/gcc-arm-none-eabi-10.3-2021.10/bin/../lib/gcc/arm-none-eabi/10.3.1/../../../../arm-none-eabi/lib/thumb/v7-m/nofp/crt0.o (exit)
d:/embeddeddevelopment/gcc-arm-none-eabi-10.3-2021.10-win32/gcc-arm-none-eabi-10.3-2021.10/bin/../lib/gcc/arm-none-eabi/10.3.1/../../../../arm-none-eabi/lib/thumb/v7-m/nofp\libg.a(lib_a-impure.o)
                              d:/embeddeddevelopment/gcc-arm-none-eabi-10.3-2021.10-win32/gcc-arm-none-eabi-10.3-2021.10/bin/../lib/gcc/arm-none-eabi/10.3.1/../../../../arm-none-eabi/lib/thumb/v7-m/nofp\libg.a(lib_a-exit.o) (_global_impure_ptr)
d:/embeddeddevelopment/gcc-arm-none-eabi-10.3-2021.10-win32/gcc-arm-none-eabi-10.3-2021.10/bin/../lib/gcc/arm-none-eabi/10.3.1/../../../../arm-none-eabi/lib/thumb/v7-m/nofp\libg.a(lib_a-init.o)
                              d:/embeddeddevelopment/gcc-arm-none-eabi-10.3-2021.10-win32/gcc-arm-none-eabi-10.3-2021.10/bin/../lib/gcc/arm-none-eabi/10.3.1/../../../../arm-none-eabi/lib/thumb/v7-m/nofp/crt0.o (__libc_init_array)
d:/embeddeddevelopment/gcc-arm-none-eabi-10.3-2021.10-win32/gcc-arm-none-eabi-10.3-2021.10/bin/../lib/gcc/arm-none-eabi/10.3.1/../../../../arm-none-eabi/lib/thumb/v7-m/nofp\libg.a(lib_a-memset.o)
                              d:/embeddeddevelopment/gcc-arm-none-eabi-10.3-2021.10-win32/gcc-arm-none-eabi-10.3-2021.10/bin/../lib/gcc/arm-none-eabi/10.3.1/../../../../arm-none-eabi/lib/thumb/v7-m/nofp/crt0.o (memset)
d:/embeddeddevelopment/gcc-arm-none-eabi-10.3-2021.10-win32/gcc-arm-none-eabi-10.3-2021.10/bin/../lib/gcc/arm-none-eabi/10.3.1/../../../../arm-none-eabi/lib/thumb/v7-m/nofp\libg.a(lib_a-sprintf.o)
                              CMakeFiles/chassis.elf.dir/Core/Src/main.c.obj (sprintf)
d:/embeddeddevelopment/gcc-arm-none-eabi-10.3-2021.10-win32/gcc-arm-none-eabi-10.3-2021.10/bin/../lib/gcc/arm-none-eabi/10.3.1/../../../../arm-none-eabi/lib/thumb/v7-m/nofp\libg.a(lib_a-svfprintf.o)
                              d:/embeddeddevelopment/gcc-arm-none-eabi-10.3-2021.10-win32/gcc-arm-none-eabi-10.3-2021.10/bin/../lib/gcc/arm-none-eabi/10.3.1/../../../../arm-none-eabi/lib/thumb/v7-m/nofp\libg.a(lib_a-sprintf.o) (_svfprintf_r)
[...]
Memory Configuration

Name             Origin             Length             Attributes
RAM              0x20000000         0x00005000         xrw
FLASH            0x08000000         0x00010000         xr
*default*        0x00000000         0xffffffff

Linker script and memory map

LOAD d:/embeddeddevelopment/gcc-arm-none-eabi-10.3-2021.10-win32/gcc-arm-none-eabi-10.3-2021.10/bin/../lib/gcc/arm-none-eabi/10.3.1/thumb/v7-m/nofp/crti.o
LOAD d:/embeddeddevelopment/gcc-arm-none-eabi-10.3-2021.10-win32/gcc-arm-none-eabi-10.3-2021.10/bin/../lib/gcc/arm-none-eabi/10.3.1/thumb/v7-m/nofp/crtbegin.o
LOAD d:/embeddeddevelopment/gcc-arm-none-eabi-10.3-2021.10-win32/gcc-arm-none-eabi-10.3-2021.10/bin/../lib/gcc/arm-none-eabi/10.3.1/../../../../arm-none-eabi/lib/thumb/v7-m/nofp/crt0.o
LOAD CMakeFiles/chassis.elf.dir/Core/Src/dma.c.obj
LOAD CMakeFiles/chassis.elf.dir/Core/Src/gpio.c.obj
LOAD CMakeFiles/chassis.elf.dir/Core/Src/main.c.obj
LOAD CMakeFiles/chassis.elf.dir/Core/Src/stm32f1xx_hal_msp.c.obj
LOAD CMakeFiles/chassis.elf.dir/Core/Src/stm32f1xx_it.c.obj
LOAD CMakeFiles/chassis.elf.dir/Core/Src/syscalls.c.obj
LOAD CMakeFiles/chassis.elf.dir/Core/Src/sysmem.c.obj
LOAD CMakeFiles/chassis.elf.dir/Core/Src/system_stm32f1xx.c.obj
LOAD CMakeFiles/chassis.elf.dir/Core/Src/tim.c.obj
LOAD CMakeFiles/chassis.elf.dir/Core/Src/usart.c.obj
LOAD CMakeFiles/chassis.elf.dir/Core/Startup/startup_stm32f103c8tx.s.obj
LOAD CMakeFiles/chassis.elf.dir/Drivers/STM32F1xx_HAL_Driver/Src/stm32f1xx_hal.c.obj
LOAD CMakeFiles/chassis.elf.dir/Drivers/STM32F1xx_HAL_Driver/Src/stm32f1xx_hal_cortex.c.obj
LOAD CMakeFiles/chassis.elf.dir/Drivers/STM32F1xx_HAL_Driver/Src/stm32f1xx_hal_dma.c.obj
LOAD CMakeFiles/chassis.elf.dir/Drivers/STM32F1xx_HAL_Driver/Src/stm32f1xx_hal_exti.c.obj
LOAD CMakeFiles/chassis.elf.dir/Drivers/STM32F1xx_HAL_Driver/Src/stm32f1xx_hal_flash.c.obj
LOAD CMakeFiles/chassis.elf.dir/Drivers/STM32F1xx_HAL_Driver/Src/stm32f1xx_hal_flash_ex.c.obj
LOAD CMakeFiles/chassis.elf.dir/Drivers/STM32F1xx_HAL_Driver/Src/stm32f1xx_hal_gpio.c.obj
LOAD CMakeFiles/chassis.elf.dir/Drivers/STM32F1xx_HAL_Driver/Src/stm32f1xx_hal_gpio_ex.c.obj
LOAD CMakeFiles/chassis.elf.dir/Drivers/STM32F1xx_HAL_Driver/Src/stm32f1xx_hal_pwr.c.obj
LOAD CMakeFiles/chassis.elf.dir/Drivers/STM32F1xx_HAL_Driver/Src/stm32f1xx_hal_rcc.c.obj
LOAD CMakeFiles/chassis.elf.dir/Drivers/STM32F1xx_HAL_Driver/Src/stm32f1xx_hal_rcc_ex.c.obj
LOAD CMakeFiles/chassis.elf.dir/Drivers/STM32F1xx_HAL_Driver/Src/stm32f1xx_hal_tim.c.obj
LOAD CMakeFiles/chassis.elf.dir/Drivers/STM32F1xx_HAL_Driver/Src/stm32f1xx_hal_tim_ex.c.obj
LOAD CMakeFiles/chassis.elf.dir/Drivers/STM32F1xx_HAL_Driver/Src/stm32f1xx_hal_uart.c.obj
START GROUP
LOAD d:/embeddeddevelopment/gcc-arm-none-eabi-10.3-2021.10-win32/gcc-arm-none-eabi-10.3-2021.10/bin/../lib/gcc/arm-none-eabi/10.3.1/thumb/v7-m/nofp\libgcc.a
LOAD d:/embeddeddevelopment/gcc-arm-none-eabi-10.3-2021.10-win32/gcc-arm-none-eabi-10.3-2021.10/bin/../lib/gcc/arm-none-eabi/10.3.1/../../../../arm-none-eabi/lib/thumb/v7-m/nofp\libg.a
LOAD d:/embeddeddevelopment/gcc-arm-none-eabi-10.3-2021.10-win32/gcc-arm-none-eabi-10.3-2021.10/bin/../lib/gcc/arm-none-eabi/10.3.1/../../../../arm-none-eabi/lib/thumb/v7-m/nofp\libc.a
END GROUP
LOAD d:/embeddeddevelopment/gcc-arm-none-eabi-10.3-2021.10-win32/gcc-arm-none-eabi-10.3-2021.10/bin/../lib/gcc/arm-none-eabi/10.3.1/thumb/v7-m/nofp/crtend.o
LOAD d:/embeddeddevelopment/gcc-arm-none-eabi-10.3-2021.10-win32/gcc-arm-none-eabi-10.3-2021.10/bin/../lib/gcc/arm-none-eabi/10.3.1/thumb/v7-m/nofp/crtn.o
                0x20005000                _estack = (ORIGIN (RAM) + LENGTH (RAM))
                0x00000200                _Min_Heap_Size = 0x200
                0x00000400                _Min_Stack_Size = 0x400

.isr_vector     0x08000000      0x10c
                0x08000000                . = ALIGN (0x4)
 *(.isr_vector)
 .isr_vector    0x08000000      0x10c CMakeFiles/chassis.elf.dir/Core/Startup/startup_stm32f103c8tx.s.obj
                0x08000000                g_pfnVectors
                0x0800010c                . = ALIGN (0x4)

.text           0x08000110     0x39a8
                0x08000110                . = ALIGN (0x4)
 *(.text)
 .text          0x08000110       0x40 d:/embeddeddevelopment/gcc-arm-none-eabi-10.3-2021.10-win32/gcc-arm-none-eabi-10.3-2021.10/bin/../lib/gcc/arm-none-eabi/10.3.1/thumb/v7-m/nofp/crtbegin.o
 .text          0x08000150      0x378 d:/embeddeddevelopment/gcc-arm-none-eabi-10.3-2021.10-win32/gcc-arm-none-eabi-10.3-2021.10/bin/../lib/gcc/arm-none-eabi/10.3.1/thumb/v7-m/nofp\libgcc.a(_arm_addsubdf3.o)
                0x08000150                __aeabi_drsub
                0x08000158                __aeabi_dsub
                0x08000158                __subdf3
                0x0800015c                __aeabi_dadd
                0x0800015c                __adddf3
                0x080003d4                __floatunsidf
                0x080003d4                __aeabi_ui2d
                0x080003f4                __floatsidf
                0x080003f4                __aeabi_i2d
                0x08000418                __aeabi_f2d
                0x08000418                __extendsfdf2
                0x0800045c                __floatundidf
                0x0800045c                __aeabi_ul2d
                0x0800046c                __floatdidf
                0x0800046c                __aeabi_l2d
 .text          0x080004c8      0x424 d:/embeddeddevelopment/gcc-arm-none-eabi-10.3-2021.10-win32/gcc-arm-none-eabi-10.3-2021.10/bin/../lib/gcc/arm-none-eabi/10.3.1/thumb/v7-m/nofp\libgcc.a(_arm_muldivdf3.o)
                0x080004c8                __aeabi_dmul
                0x080004c8                __muldf3
                0x0800071c                __divdf3
                0x0800071c                __aeabi_ddiv
 .text          0x080008ec       0xa0 d:/embeddeddevelopment/gcc-arm-none-eabi-10.3-2021.10-win32/gcc-arm-none-eabi-10.3-2021.10/bin/../lib/gcc/arm-none-eabi/10.3.1/thumb/v7-m/nofp\libgcc.a(_arm_truncdfsf2.o)
                0x080008ec                __truncdfsf2
                0x080008ec                __aeabi_d2f
 .text          0x0800098c      0x21c d:/embeddeddevelopment/gcc-arm-none-eabi-10.3-2021.10-win32/gcc-arm-none-eabi-10.3-2021.10/bin/../lib/gcc/arm-none-eabi/10.3.1/thumb/v7-m/nofp\libgcc.a(_arm_addsubsf3.o)
                0x0800098c                __aeabi_frsub
                0x08000994                __subsf3
                0x08000994                __aeabi_fsub
                0x08000998                __aeabi_fadd
                0x08000998                __addsf3
                0x08000af8                __aeabi_ui2f
                0x08000af8                __floatunsisf
                0x08000b00                __aeabi_i2f
                0x08000b00                __floatsisf
                0x08000b1c                __aeabi_ul2f
                0x08000b1c                __floatundisf
                0x08000b2c                __aeabi_l2f
                0x08000b2c                __floatdisf
 .text          0x08000ba8      0x2a0 d:/embeddeddevelopment/gcc-arm-none-eabi-10.3-2021.10-win32/gcc-arm-none-eabi-10.3-2021.10/bin/../lib/gcc/arm-none-eabi/10.3.1/thumb/v7-m/nofp\libgcc.a(_arm_muldivsf3.o)
                0x08000ba8                __mulsf3
                0x08000ba8                __aeabi_fmul
                0x08000d10                __aeabi_fdiv
                0x08000d10                __divsf3
 .text          0x08000e48       0xec d:/embeddeddevelopment/gcc-arm-none-eabi-10.3-2021.10-win32/gcc-arm-none-eabi-10.3-2021.10/bin/../lib/gcc/arm-none-eabi/10.3.1/thumb/v7-m/nofp\libgcc.a(_arm_cmpsf2.o)
                0x08000e48                __gesf2
                0x08000e48                __gtsf2
                0x08000e50                __lesf2
                0x08000e50                __ltsf2
                0x08000e58                __nesf2
                0x08000e58                __eqsf2
                0x08000e58                __cmpsf2
                0x08000eb8                __aeabi_cfrcmple
                0x08000ec0                __aeabi_cfcmpeq
                0x08000ec0                __aeabi_cfcmple
                0x08000ed0                __aeabi_fcmpeq
                0x08000ee4                __aeabi_fcmplt
                0x08000ef8                __aeabi_fcmple
                0x08000f0c                __aeabi_fcmpge
                0x08000f20                __aeabi_fcmpgt
 .text          0x08000f34       0x40 d:/embeddeddevelopment/gcc-arm-none-eabi-10.3-2021.10-win32/gcc-arm-none-eabi-10.3-2021.10/bin/../lib/gcc/arm-none-eabi/10.3.1/thumb/v7-m/nofp\libgcc.a(_arm_fixunssfsi.o)
                0x08000f34                __fixunssfsi
                0x08000f34                __aeabi_f2uiz
 *(.text*)
 .text.MX_DMA_Init
                0x08000f74       0x44 CMakeFiles/chassis.elf.dir/Core/Src/dma.c.obj
                0x08000f74                MX_DMA_Init
 .text.MX_GPIO_Init
                0x08000fb8       0xdc CMakeFiles/chassis.elf.dir/Core/Src/gpio.c.obj
                0x08000fb8                MX_GPIO_Init
 .text.motor_init
                0x08001094       0x28 CMakeFiles/chassis.elf.dir/Core/Src/main.c.obj
                0x08001094                motor_init
 .text.PID_Init
                0x080010bc       0x28 CMakeFiles/chassis.elf.dir/Core/Src/main.c.obj
                0x080010bc                PID_Init
 .text.PID_Calculate
                0x080010e4       0x92 CMakeFiles/chassis.elf.dir/Core/Src/main.c.obj
                0x080010e4                PID_Calculate
 *fill*         0x08001176        0x2 
 .text.HAL_TIM_PeriodElapsedCallback
                0x08001178      0x16c CMakeFiles/chassis.elf.dir/Core/Src/main.c.obj
                0x08001178                HAL_TIM_PeriodElapsedCallback
 .text.calculate_checksum
                0x080012e4       0x1a CMakeFiles/chassis.elf.dir/Core/Src/main.c.obj
                0x080012e4                calculate_checksum
 *fill*         0x080012fe        0x2 
 .text.HAL_UART_RxCpltCallback
                0x08001300       0x5c CMakeFiles/chassis.elf.dir/Core/Src/main.c.obj
                0x08001300                HAL_UART_RxCpltCallback
 .text.Error_Handler
                0x0800135c        0x4 CMakeFiles/chassis.elf.dir/Core/Src/main.c.obj
                0x0800135c                Error_Handler
 .text.SystemClock_Config
                0x08001360       0x64 CMakeFiles/chassis.elf.dir/Core/Src/main.c.obj
                0x08001360                SystemClock_Config
 .text.main     0x080013c4      0x1b0 CMakeFiles/chassis.elf.dir/Core/Src/main.c.obj
                0x080013c4                main
 .text.HAL_MspInit
                0x08001574       0x44 CMakeFiles/chassis.elf.dir/Core/Src/stm32f1xx_hal_msp.c.obj
                0x08001574                HAL_MspInit
 .text.NMI_Handler
                0x080015b8        0x2 CMakeFiles/chassis.elf.dir/Core/Src/stm32f1xx_it.c.obj
                0x080015b8                NMI_Handler
 .text.HardFault_Handler
                0x080015ba        0x2 CMakeFiles/chassis.elf.dir/Core/Src/stm32f1xx_it.c.obj
                0x080015ba                HardFault_Handler
 .text.MemManage_Handler
                0x080015bc        0x2 CMakeFiles/chassis.elf.dir/Core/Src/stm32f1xx_it.c.obj
                0x080015bc                MemManage_Handler
 .text.BusFault_Handler
                0x080015be        0x2 CMakeFiles/chassis.elf.dir/Core/Src/stm32f1xx_it.c.obj
                0x080015be                BusFault_Handler
 .text.UsageFault_Handler
                0x080015c0        0x2 CMakeFiles/chassis.elf.dir/Core/Src/stm32f1xx_it.c.obj
                0x080015c0                UsageFault_Handler
 .text.SVC_Handler
                0x080015c2        0x2 CMakeFiles/chassis.elf.dir/Core/Src/stm32f1xx_it.c.obj
                0x080015c2                SVC_Handler
 .text.DebugMon_Handler
                0x080015c4        0x2 CMakeFiles/chassis.elf.dir/Core/Src/stm32f1xx_it.c.obj
                0x080015c4                DebugMon_Handler
 .text.PendSV_Handler
                0x080015c6        0x2 CMakeFiles/chassis.elf.dir/Core/Src/stm32f1xx_it.c.obj
                0x080015c6                PendSV_Handler
 .text.SysTick_Handler
                0x080015c8        0x8 CMakeFiles/chassis.elf.dir/Core/Src/stm32f1xx_it.c.obj
                0x080015c8                SysTick_Handler
 .text.DMA1_Channel4_IRQHandler
                0x080015d0       0x10 CMakeFiles/chassis.elf.dir/Core/Src/stm32f1xx_it.c.obj
                0x080015d0                DMA1_Channel4_IRQHandler
 .text.DMA1_Channel5_IRQHandler
                0x080015e0       0x10 CMakeFiles/chassis.elf.dir/Core/Src/stm32f1xx_it.c.obj
                0x080015e0                DMA1_Channel5_IRQHandler
 .text.TIM1_UP_IRQHandler
                0x080015f0       0x10 CMakeFiles/chassis.elf.dir/Core/Src/stm32f1xx_it.c.obj
                0x080015f0                TIM1_UP_IRQHandler
 .text.TIM2_IRQHandler
                0x08001600       0x10 CMakeFiles/chassis.elf.dir/Core/Src/stm32f1xx_it.c.obj
                0x08001600                TIM2_IRQHandler
 .text.TIM3_IRQHandler
                0x08001610       0x10 CMakeFiles/chassis.elf.dir/Core/Src/stm32f1xx_it.c.obj
                0x08001610                TIM3_IRQHandler
 .text.USART1_IRQHandler
                0x08001620       0x10 CMakeFiles/chassis.elf.dir/Core/Src/stm32f1xx_it.c.obj
                0x08001620                USART1_IRQHandler
 .text.SystemInit
                0x08001630        0x2 CMakeFiles/chassis.elf.dir/Core/Src/system_stm32f1xx.c.obj
                0x08001630                SystemInit
 *fill*         0x08001632        0x2 
 .text.MX_TIM2_Init
                0x08001634       0x60 CMakeFiles/chassis.elf.dir/Core/Src/tim.c.obj
                0x08001634                MX_TIM2_Init
 .text.MX_TIM3_Init
                0x08001694       0x64 CMakeFiles/chassis.elf.dir/Core/Src/tim.c.obj
                0x08001694                MX_TIM3_Init
 .text.HAL_TIM_Base_MspInit
                0x080016f8       0x40 CMakeFiles/chassis.elf.dir/Core/Src/tim.c.obj
                0x080016f8                HAL_TIM_Base_MspInit
 .text.HAL_TIM_Encoder_MspInit
                0x08001738       0xb8 CMakeFiles/chassis.elf.dir/Core/Src/tim.c.obj
                0x08001738                HAL_TIM_Encoder_MspInit
 .text.HAL_TIM_MspPostInit
                0x080017f0       0x50 CMakeFiles/chassis.elf.dir/Core/Src/tim.c.obj
                0x080017f0                HAL_TIM_MspPostInit
 .text.MX_TIM1_Init
                0x08001840       0xfc CMakeFiles/chassis.elf.dir/Core/Src/tim.c.obj
                0x08001840                MX_TIM1_Init
 .text.MX_USART1_UART_Init
                0x0800193c       0x34 CMakeFiles/chassis.elf.dir/Core/Src/usart.c.obj
                0x0800193c                MX_USART1_UART_Init
 .text.HAL_UART_MspInit
                0x08001970       0xf0 CMakeFiles/chassis.elf.dir/Core/Src/usart.c.obj
                0x08001970                HAL_UART_MspInit
 .text.Reset_Handler
                0x08001a60       0x48 CMakeFiles/chassis.elf.dir/Core/Startup/startup_stm32f103c8tx.s.obj
                0x08001a60                Reset_Handler
 .text.Default_Handler
                0x08001aa8        0x2 CMakeFiles/chassis.elf.dir/Core/Startup/startup_stm32f103c8tx.s.obj
                0x08001aa8                RTC_Alarm_IRQHandler
                0x08001aa8                EXTI2_IRQHandler
                0x08001aa8                TIM1_CC_IRQHandler
                0x08001aa8                PVD_IRQHandler
                0x08001aa8                EXTI3_IRQHandler
                0x08001aa8                EXTI0_IRQHandler
                0x08001aa8                I2C2_EV_IRQHandler
                0x08001aa8                ADC1_2_IRQHandler
                0x08001aa8                SPI1_IRQHandler
                0x08001aa8                TAMPER_IRQHandler
                0x08001aa8                USART3_IRQHandler
                0x08001aa8                RTC_IRQHandler
                0x08001aa8                DMA1_Channel7_IRQHandler
                0x08001aa8                CAN1_RX1_IRQHandler
                0x08001aa8                TIM4_IRQHandler
                0x08001aa8                I2C1_EV_IRQHandler
                0x08001aa8                DMA1_Channel6_IRQHandler
                0x08001aa8                RCC_IRQHandler
                0x08001aa8                TIM1_TRG_COM_IRQHandler
                0x08001aa8                DMA1_Channel1_IRQHandler
                0x08001aa8                Default_Handler
                0x08001aa8                EXTI15_10_IRQHandler
                0x08001aa8                EXTI9_5_IRQHandler
                0x08001aa8                SPI2_IRQHandler
                0x08001aa8                EXTI4_IRQHandler
                0x08001aa8                USB_LP_CAN1_RX0_IRQHandler
                0x08001aa8                USB_HP_CAN1_TX_IRQHandler
                0x08001aa8                DMA1_Channel3_IRQHandler
                0x08001aa8                WWDG_IRQHandler
                0x08001aa8                TIM1_BRK_IRQHandler
                0x08001aa8                EXTI1_IRQHandler
                0x08001aa8                USART2_IRQHandler
                0x08001aa8                I2C2_ER_IRQHandler
                0x08001aa8                DMA1_Channel2_IRQHandler
                0x08001aa8                CAN1_SCE_IRQHandler
                0x08001aa8                FLASH_IRQHandler
                0x08001aa8                I2C1_ER_IRQHandler
                0x08001aa8                USBWakeUp_IRQHandler
 *fill*         0x08001aaa        0x2 
 .text.HAL_InitTick
                0x08001aac       0x4c CMakeFiles/chassis.elf.dir/Drivers/STM32F1xx_HAL_Driver/Src/stm32f1xx_hal.c.obj
                0x08001aac                HAL_InitTick
 .text.HAL_Init
                0x08001af8       0x24 CMakeFiles/chassis.elf.dir/Drivers/STM32F1xx_HAL_Driver/Src/stm32f1xx_hal.c.obj
                0x08001af8                HAL_Init
 .text.HAL_IncTick
                0x08001b1c       0x18 CMakeFiles/chassis.elf.dir/Drivers/STM32F1xx_HAL_Driver/Src/stm32f1xx_hal.c.obj
                0x08001b1c                HAL_IncTick
 .text.HAL_GetTick
                0x08001b34        0xc CMakeFiles/chassis.elf.dir/Drivers/STM32F1xx_HAL_Driver/Src/stm32f1xx_hal.c.obj
                0x08001b34                HAL_GetTick
 .text.HAL_NVIC_SetPriorityGrouping
                0x08001b40       0x24 CMakeFiles/chassis.elf.dir/Drivers/STM32F1xx_HAL_Driver/Src/stm32f1xx_hal_cortex.c.obj
                0x08001b40                HAL_NVIC_SetPriorityGrouping
 .text.HAL_NVIC_SetPriority
                0x08001b64       0x70 CMakeFiles/chassis.elf.dir/Drivers/STM32F1xx_HAL_Driver/Src/stm32f1xx_hal_cortex.c.obj
                0x08001b64                HAL_NVIC_SetPriority
 .text.HAL_NVIC_EnableIRQ
                0x08001bd4       0x1c CMakeFiles/chassis.elf.dir/Drivers/STM32F1xx_HAL_Driver/Src/stm32f1xx_hal_cortex.c.obj
                0x08001bd4                HAL_NVIC_EnableIRQ
 .text.HAL_SYSTICK_Config
                0x08001bf0       0x28 CMakeFiles/chassis.elf.dir/Drivers/STM32F1xx_HAL_Driver/Src/stm32f1xx_hal_cortex.c.obj
                0x08001bf0                HAL_SYSTICK_Config
 .text.DMA_SetConfig
                0x08001c18       0x2c CMakeFiles/chassis.elf.dir/Drivers/STM32F1xx_HAL_Driver/Src/stm32f1xx_hal_dma.c.obj
 .text.HAL_DMA_Init
                0x08001c44       0x6c CMakeFiles/chassis.elf.dir/Drivers/STM32F1xx_HAL_Driver/Src/stm32f1xx_hal_dma.c.obj
                0x08001c44                HAL_DMA_Init
 .text.HAL_DMA_Start_IT
                0x08001cb0       0x76 CMakeFiles/chassis.elf.dir/Drivers/STM32F1xx_HAL_Driver/Src/stm32f1xx_hal_dma.c.obj
                0x08001cb0                HAL_DMA_Start_IT
 .text.HAL_DMA_Abort
                0x08001d26       0x46 CMakeFiles/chassis.elf.dir/Drivers/STM32F1xx_HAL_Driver/Src/stm32f1xx_hal_dma.c.obj
                0x08001d26                HAL_DMA_Abort
 .text.HAL_DMA_Abort_IT
                0x08001d6c       0x98 CMakeFiles/chassis.elf.dir/Drivers/STM32F1xx_HAL_Driver/Src/stm32f1xx_hal_dma.c.obj
                0x08001d6c                HAL_DMA_Abort_IT
 .text.HAL_DMA_IRQHandler
                0x08001e04      0x144 CMakeFiles/chassis.elf.dir/Drivers/STM32F1xx_HAL_Driver/Src/stm32f1xx_hal_dma.c.obj
                0x08001e04                HAL_DMA_IRQHandler
 .text.HAL_GPIO_Init
                0x08001f48      0x224 CMakeFiles/chassis.elf.dir/Drivers/STM32F1xx_HAL_Driver/Src/stm32f1xx_hal_gpio.c.obj
                0x08001f48                HAL_GPIO_Init
 .text.HAL_GPIO_WritePin
                0x0800216c        0xc CMakeFiles/chassis.elf.dir/Drivers/STM32F1xx_HAL_Driver/Src/stm32f1xx_hal_gpio.c.obj
                0x0800216c                HAL_GPIO_WritePin
 .text.RCC_Delay
                0x08002178       0x2c CMakeFiles/chassis.elf.dir/Drivers/STM32F1xx_HAL_Driver/Src/stm32f1xx_hal_rcc.c.obj
 .text.HAL_RCC_OscConfig
                0x080021a4      0x410 CMakeFiles/chassis.elf.dir/Drivers/STM32F1xx_HAL_Driver/Src/stm32f1xx_hal_rcc.c.obj
                0x080021a4                HAL_RCC_OscConfig
 .text.HAL_RCC_GetSysClockFreq
                0x080025b4       0x54 CMakeFiles/chassis.elf.dir/Drivers/STM32F1xx_HAL_Driver/Src/stm32f1xx_hal_rcc.c.obj
                0x080025b4                HAL_RCC_GetSysClockFreq
 .text.HAL_RCC_ClockConfig
                0x08002608      0x16c CMakeFiles/chassis.elf.dir/Drivers/STM32F1xx_HAL_Driver/Src/stm32f1xx_hal_rcc.c.obj
                0x08002608                HAL_RCC_ClockConfig
 .text.HAL_RCC_GetHCLKFreq
                0x08002774        0xc CMakeFiles/chassis.elf.dir/Drivers/STM32F1xx_HAL_Driver/Src/stm32f1xx_hal_rcc.c.obj
                0x08002774                HAL_RCC_GetHCLKFreq
 .text.HAL_RCC_GetPCLK1Freq
                0x08002780       0x20 CMakeFiles/chassis.elf.dir/Drivers/STM32F1xx_HAL_Driver/Src/stm32f1xx_hal_rcc.c.obj
                0x08002780                HAL_RCC_GetPCLK1Freq
 .text.HAL_RCC_GetPCLK2Freq
                0x080027a0       0x20 CMakeFiles/chassis.elf.dir/Drivers/STM32F1xx_HAL_Driver/Src/stm32f1xx_hal_rcc.c.obj
                0x080027a0                HAL_RCC_GetPCLK2Freq
 .text.TIM_OC1_SetConfig
                0x080027c0       0x5c CMakeFiles/chassis.elf.dir/Drivers/STM32F1xx_HAL_Driver/Src/stm32f1xx_hal_tim.c.obj
 .text.TIM_OC3_SetConfig
                0x0800281c       0x64 CMakeFiles/chassis.elf.dir/Drivers/STM32F1xx_HAL_Driver/Src/stm32f1xx_hal_tim.c.obj
 .text.TIM_OC4_SetConfig
                0x08002880       0x48 CMakeFiles/chassis.elf.dir/Drivers/STM32F1xx_HAL_Driver/Src/stm32f1xx_hal_tim.c.obj
 .text.TIM_TI1_ConfigInputStage
                0x080028c8       0x24 CMakeFiles/chassis.elf.dir/Drivers/STM32F1xx_HAL_Driver/Src/stm32f1xx_hal_tim.c.obj
 .text.TIM_TI2_ConfigInputStage
                0x080028ec       0x26 CMakeFiles/chassis.elf.dir/Drivers/STM32F1xx_HAL_Driver/Src/stm32f1xx_hal_tim.c.obj
 .text.TIM_ITRx_SetConfig
                0x08002912       0x10 CMakeFiles/chassis.elf.dir/Drivers/STM32F1xx_HAL_Driver/Src/stm32f1xx_hal_tim.c.obj
 .text.HAL_TIM_PWM_MspInit
                0x08002922        0x2 CMakeFiles/chassis.elf.dir/Drivers/STM32F1xx_HAL_Driver/Src/stm32f1xx_hal_tim.c.obj
                0x08002922                HAL_TIM_PWM_MspInit
 .text.HAL_TIM_ReadCapturedValue
                0x08002924       0x32 CMakeFiles/chassis.elf.dir/Drivers/STM32F1xx_HAL_Driver/Src/stm32f1xx_hal_tim.c.obj
                0x08002924                HAL_TIM_ReadCapturedValue
 .text.HAL_TIM_OC_DelayElapsedCallback
                0x08002956        0x2 CMakeFiles/chassis.elf.dir/Drivers/STM32F1xx_HAL_Driver/Src/stm32f1xx_hal_tim.c.obj
                0x08002956                HAL_TIM_OC_DelayElapsedCallback
 .text.HAL_TIM_IC_CaptureCallback
                0x08002958        0x2 CMakeFiles/chassis.elf.dir/Drivers/STM32F1xx_HAL_Driver/Src/stm32f1xx_hal_tim.c.obj
                0x08002958                HAL_TIM_IC_CaptureCallback
 .text.HAL_TIM_PWM_PulseFinishedCallback
                0x0800295a        0x2 CMakeFiles/chassis.elf.dir/Drivers/STM32F1xx_HAL_Driver/Src/stm32f1xx_hal_tim.c.obj
                0x0800295a                HAL_TIM_PWM_PulseFinishedCallback
 .text.HAL_TIM_TriggerCallback
                0x0800295c        0x2 CMakeFiles/chassis.elf.dir/Drivers/STM32F1xx_HAL_Driver/Src/stm32f1xx_hal_tim.c.obj
                0x0800295c                HAL_TIM_TriggerCallback
 .text.HAL_TIM_IRQHandler
                0x0800295e      0x15e CMakeFiles/chassis.elf.dir/Drivers/STM32F1xx_HAL_Driver/Src/stm32f1xx_hal_tim.c.obj
                0x0800295e                HAL_TIM_IRQHandler
 .text.TIM_Base_SetConfig
                0x08002abc       0x84 CMakeFiles/chassis.elf.dir/Drivers/STM32F1xx_HAL_Driver/Src/stm32f1xx_hal_tim.c.obj
                0x08002abc                TIM_Base_SetConfig
 .text.HAL_TIM_Base_Init
                0x08002b40       0x58 CMakeFiles/chassis.elf.dir/Drivers/STM32F1xx_HAL_Driver/Src/stm32f1xx_hal_tim.c.obj
                0x08002b40                HAL_TIM_Base_Init
 .text.HAL_TIM_PWM_Init
                0x08002b98       0x58 CMakeFiles/chassis.elf.dir/Drivers/STM32F1xx_HAL_Driver/Src/stm32f1xx_hal_tim.c.obj
                0x08002b98                HAL_TIM_PWM_Init
 .text.HAL_TIM_Encoder_Init
                0x08002bf0       0xb8 CMakeFiles/chassis.elf.dir/Drivers/STM32F1xx_HAL_Driver/Src/stm32f1xx_hal_tim.c.obj
                0x08002bf0                HAL_TIM_Encoder_Init
 .text.TIM_OC2_SetConfig
                0x08002ca8       0x64 CMakeFiles/chassis.elf.dir/Drivers/STM32F1xx_HAL_Driver/Src/stm32f1xx_hal_tim.c.obj
                0x08002ca8                TIM_OC2_SetConfig
 .text.HAL_TIM_PWM_ConfigChannel
                0x08002d0c       0xdc CMakeFiles/chassis.elf.dir/Drivers/STM32F1xx_HAL_Driver/Src/stm32f1xx_hal_tim.c.obj
                0x08002d0c                HAL_TIM_PWM_ConfigChannel
 .text.TIM_ETR_SetConfig
                0x08002de8       0x18 CMakeFiles/chassis.elf.dir/Drivers/STM32F1xx_HAL_Driver/Src/stm32f1xx_hal_tim.c.obj
                0x08002de8                TIM_ETR_SetConfig
 .text.HAL_TIM_ConfigClockSource
                0x08002e00       0xfe CMakeFiles/chassis.elf.dir/Drivers/STM32F1xx_HAL_Driver/Src/stm32f1xx_hal_tim.c.obj
                0x08002e00                HAL_TIM_ConfigClockSource
 .text.TIM_CCxChannelCmd
                0x08002efe       0x1e CMakeFiles/chassis.elf.dir/Drivers/STM32F1xx_HAL_Driver/Src/stm32f1xx_hal_tim.c.obj
                0x08002efe                TIM_CCxChannelCmd
 .text.HAL_TIM_PWM_Start
                0x08002f1c       0xdc CMakeFiles/chassis.elf.dir/Drivers/STM32F1xx_HAL_Driver/Src/stm32f1xx_hal_tim.c.obj
                0x08002f1c                HAL_TIM_PWM_Start
 .text.HAL_TIM_Encoder_Start
                0x08002ff8       0xcc CMakeFiles/chassis.elf.dir/Drivers/STM32F1xx_HAL_Driver/Src/stm32f1xx_hal_tim.c.obj
                0x08002ff8                HAL_TIM_Encoder_Start
 .text.HAL_TIMEx_MasterConfigSynchronization
                0x080030c4       0x6c CMakeFiles/chassis.elf.dir/Drivers/STM32F1xx_HAL_Driver/Src/stm32f1xx_hal_tim_ex.c.obj
                0x080030c4                HAL_TIMEx_MasterConfigSynchronization
 .text.HAL_TIMEx_ConfigBreakDeadTime
                0x08003130       0x52 CMakeFiles/chassis.elf.dir/Drivers/STM32F1xx_HAL_Driver/Src/stm32f1xx_hal_tim_ex.c.obj
                0x08003130                HAL_TIMEx_ConfigBreakDeadTime
 .text.HAL_TIMEx_CommutCallback
                0x08003182        0x2 CMakeFiles/chassis.elf.dir/Drivers/STM32F1xx_HAL_Driver/Src/stm32f1xx_hal_tim_ex.c.obj
                0x08003182                HAL_TIMEx_CommutCallback
 .text.HAL_TIMEx_BreakCallback
                0x08003184        0x2 CMakeFiles/chassis.elf.dir/Drivers/STM32F1xx_HAL_Driver/Src/stm32f1xx_hal_tim_ex.c.obj
                0x08003184                HAL_TIMEx_BreakCallback
 .text.UART_EndTxTransfer
                0x08003186       0x20 CMakeFiles/chassis.elf.dir/Drivers/STM32F1xx_HAL_Driver/Src/stm32f1xx_hal_uart.c.obj
 .text.UART_EndRxTransfer
                0x080031a6       0x5c CMakeFiles/chassis.elf.dir/Drivers/STM32F1xx_HAL_Driver/Src/stm32f1xx_hal_uart.c.obj
 .text.UART_Transmit_IT
                0x08003202       0x60 CMakeFiles/chassis.elf.dir/Drivers/STM32F1xx_HAL_Driver/Src/stm32f1xx_hal_uart.c.obj
 *fill*         0x08003262        0x2 
 .text.UART_SetConfig
                0x08003264       0x94 CMakeFiles/chassis.elf.dir/Drivers/STM32F1xx_HAL_Driver/Src/stm32f1xx_hal_uart.c.obj
 .text.HAL_UART_Init
                0x080032f8       0x60 CMakeFiles/chassis.elf.dir/Drivers/STM32F1xx_HAL_Driver/Src/stm32f1xx_hal_uart.c.obj
                0x080032f8                HAL_UART_Init
 .text.HAL_UART_TxCpltCallback
                0x08003358        0x2 CMakeFiles/chassis.elf.dir/Drivers/STM32F1xx_HAL_Driver/Src/stm32f1xx_hal_uart.c.obj
                0x08003358                HAL_UART_TxCpltCallback
 .text.UART_EndTransmit_IT
                0x0800335a       0x1a CMakeFiles/chassis.elf.dir/Drivers/STM32F1xx_HAL_Driver/Src/stm32f1xx_hal_uart.c.obj
 .text.HAL_UART_RxHalfCpltCallback
                0x08003374        0x2 CMakeFiles/chassis.elf.dir/Drivers/STM32F1xx_HAL_Driver/Src/stm32f1xx_hal_uart.c.obj
                0x08003374                HAL_UART_RxHalfCpltCallback
 .text.HAL_UART_ErrorCallback
                0x08003376        0x2 CMakeFiles/chassis.elf.dir/Drivers/STM32F1xx_HAL_Driver/Src/stm32f1xx_hal_uart.c.obj
                0x08003376                HAL_UART_ErrorCallback
 .text.UART_DMAError
                0x08003378       0x58 CMakeFiles/chassis.elf.dir/Drivers/STM32F1xx_HAL_Driver/Src/stm32f1xx_hal_uart.c.obj
 .text.UART_DMAAbortOnError
                0x080033d0       0x10 CMakeFiles/chassis.elf.dir/Drivers/STM32F1xx_HAL_Driver/Src/stm32f1xx_hal_uart.c.obj
 .text.HAL_UARTEx_RxEventCallback
                0x080033e0        0x2 CMakeFiles/chassis.elf.dir/Drivers/STM32F1xx_HAL_Driver/Src/stm32f1xx_hal_uart.c.obj
                0x080033e0                HAL_UARTEx_RxEventCallback
 .text.UART_Receive_IT
                0x080033e2       0xe6 CMakeFiles/chassis.elf.dir/Drivers/STM32F1xx_HAL_Driver/Src/stm32f1xx_hal_uart.c.obj
 .text.HAL_UART_IRQHandler
                0x080034c8      0x288 CMakeFiles/chassis.elf.dir/Drivers/STM32F1xx_HAL_Driver/Src/stm32f1xx_hal_uart.c.obj
                0x080034c8                HAL_UART_IRQHandler
 .text.UART_DMARxHalfCplt
                0x08003750       0x1e CMakeFiles/chassis.elf.dir/Drivers/STM32F1xx_HAL_Driver/Src/stm32f1xx_hal_uart.c.obj
 .text.UART_DMAReceiveCplt
                0x0800376e       0x9a CMakeFiles/chassis.elf.dir/Drivers/STM32F1xx_HAL_Driver/Src/stm32f1xx_hal_uart.c.obj
 .text.UART_Start_Receive_DMA
                0x08003808       0xa4 CMakeFiles/chassis.elf.dir/Drivers/STM32F1xx_HAL_Driver/Src/stm32f1xx_hal_uart.c.obj
                0x08003808                UART_Start_Receive_DMA
 .text.HAL_UART_Receive_DMA
                0x080038ac       0x26 CMakeFiles/chassis.elf.dir/Drivers/STM32F1xx_HAL_Driver/Src/stm32f1xx_hal_uart.c.obj
                0x080038ac                HAL_UART_Receive_DMA
 *fill*         0x080038d2        0x2 
 .text.__libc_init_array
                0x080038d4       0x48 d:/embeddeddevelopment/gcc-arm-none-eabi-10.3-2021.10-win32/gcc-arm-none-eabi-10.3-2021.10/bin/../lib/gcc/arm-none-eabi/10.3.1/../../../../arm-none-eabi/lib/thumb/v7-m/nofp\libg.a(lib_a-init.o)
                0x080038d4                __libc_init_array
 .text.memset   0x0800391c       0xa4 d:/embeddeddevelopment/gcc-arm-none-eabi-10.3-2021.10-win32/gcc-arm-none-eabi-10.3-2021.10/bin/../lib/gcc/arm-none-eabi/10.3.1/../../../../arm-none-eabi/lib/thumb/v7-m/nofp\libg.a(lib_a-memset.o)
                0x0800391c                memset
 .text.startup.register_fini
                0x080039c0       0x14 d:/embeddeddevelopment/gcc-arm-none-eabi-10.3-2021.10-win32/gcc-arm-none-eabi-10.3-2021.10/bin/../lib/gcc/arm-none-eabi/10.3.1/../../../../arm-none-eabi/lib/thumb/v7-m/nofp\libg.a(lib_a-__call_atexit.o)
 .text.atexit   0x080039d4        0xc d:/embeddeddevelopment/gcc-arm-none-eabi-10.3-2021.10-win32/gcc-arm-none-eabi-10.3-2021.10/bin/../lib/gcc/arm-none-eabi/10.3.1/../../../../arm-none-eabi/lib/thumb/v7-m/nofp\libg.a(lib_a-atexit.o)
                0x080039d4                atexit
 .text.__libc_fini_array
                0x080039e0       0x2c d:/embeddeddevelopment/gcc-arm-none-eabi-10.3-2021.10-win32/gcc-arm-none-eabi-10.3-2021.10/bin/../lib/gcc/arm-none-eabi/10.3.1/../../../../arm-none-eabi/lib/thumb/v7-m/nofp\libg.a(lib_a-fini.o)
                0x080039e0                __libc_fini_array
 .text.__retarget_lock_acquire_recursive
                0x08003a0c        0x4 d:/embeddeddevelopment/gcc-arm-none-eabi-10.3-2021.10-win32/gcc-arm-none-eabi-10.3-2021.10/bin/../lib/gcc/arm-none-eabi/10.3.1/../../../../arm-none-eabi/lib/thumb/v7-m/nofp\libg.a(lib_a-lock.o)
                0x08003a0c                __retarget_lock_acquire_recursive
 .text.__retarget_lock_release_recursive
                0x08003a10        0x4 d:/embeddeddevelopment/gcc-arm-none-eabi-10.3-2021.10-win32/gcc-arm-none-eabi-10.3-2021.10/bin/../lib/gcc/arm-none-eabi/10.3.1/../../../../arm-none-eabi/lib/thumb/v7-m/nofp\libg.a(lib_a-lock.o)
                0x08003a10                __retarget_lock_release_recursive
 .text.__register_exitproc
                0x08003a14       0x8c d:/embeddeddevelopment/gcc-arm-none-eabi-10.3-2021.10-win32/gcc-arm-none-eabi-10.3-2021.10/bin/../lib/gcc/arm-none-eabi/10.3.1/../../../../arm-none-eabi/lib/thumb/v7-m/nofp\libg.a(lib_a-__atexit.o)
                0x08003a14                __register_exitproc
 *(.glue_7)
 .glue_7        0x08003aa0        0x0 linker stubs
 *(.glue_7t)
 .glue_7t       0x08003aa0        0x0 linker stubs
 *(.eh_frame)
 .eh_frame      0x08003aa0        0x0 d:/embeddeddevelopment/gcc-arm-none-eabi-10.3-2021.10-win32/gcc-arm-none-eabi-10.3-2021.10/bin/../lib/gcc/arm-none-eabi/10.3.1/thumb/v7-m/nofp/crtbegin.o
 *(.init)
 .init          0x08003aa0        0x4 d:/embeddeddevelopment/gcc-arm-none-eabi-10.3-2021.10-win32/gcc-arm-none-eabi-10.3-2021.10/bin/../lib/gcc/arm-none-eabi/10.3.1/thumb/v7-m/nofp/crti.o
                0x08003aa0                _init
 .init          0x08003aa4        0x8 d:/embeddeddevelopment/gcc-arm-none-eabi-10.3-2021.10-win32/gcc-arm-none-eabi-10.3-2021.10/bin/../lib/gcc/arm-none-eabi/10.3.1/thumb/v7-m/nofp/crtn.o
 *(.fini)
 .fini          0x08003aac        0x4 d:/embeddeddevelopment/gcc-arm-none-eabi-10.3-2021.10-win32/gcc-arm-none-eabi-10.3-2021.10/bin/../lib/gcc/arm-none-eabi/10.3.1/thumb/v7-m/nofp/crti.o
                0x08003aac                _fini
 .fini          0x08003ab0        0x8 d:/embeddeddevelopment/gcc-arm-none-eabi-10.3-2021.10-win32/gcc-arm-none-eabi-10.3-2021.10/bin/../lib/gcc/arm-none-eabi/10.3.1/thumb/v7-m/nofp/crtn.o
                0x08003ab8                . = ALIGN (0x4)
                0x08003ab8                _etext = .

.vfp11_veneer   0x08003ab8        0x0
 .vfp11_veneer  0x08003ab8        0x0 linker stubs

.v4_bx          0x08003ab8        0x0
 .v4_bx         0x08003ab8        0x0 linker stubs

.iplt           0x08003ab8        0x0
 .iplt          0x08003ab8        0x0 d:/embeddeddevelopment/gcc-arm-none-eabi-10.3-2021.10-win32/gcc-arm-none-eabi-10.3-2021.10/bin/../lib/gcc/arm-none-eabi/10.3.1/thumb/v7-m/nofp/crtbegin.o

.rodata         0x08003ab8       0x30
                0x08003ab8                . = ALIGN (0x4)
 *(.rodata)
 *(.rodata*)
 .rodata.AHBPrescTable
                0x08003ab8       0x10 CMakeFiles/chassis.elf.dir/Core/Src/system_stm32f1xx.c.obj
                0x08003ab8                AHBPrescTable
 .rodata.APBPrescTable
                0x08003ac8        0x8 CMakeFiles/chassis.elf.dir/Core/Src/system_stm32f1xx.c.obj
                0x08003ac8                APBPrescTable
 .rodata.aPLLMULFactorTable.1
                0x08003ad0       0x10 CMakeFiles/chassis.elf.dir/Drivers/STM32F1xx_HAL_Driver/Src/stm32f1xx_hal_rcc.c.obj
 .rodata.aPredivFactorTable.0
                0x08003ae0        0x2 CMakeFiles/chassis.elf.dir/Drivers/STM32F1xx_HAL_Driver/Src/stm32f1xx_hal_rcc.c.obj
 *fill*         0x08003ae2        0x2 
 .rodata._global_impure_ptr
                0x08003ae4        0x4 d:/embeddeddevelopment/gcc-arm-none-eabi-10.3-2021.10-win32/gcc-arm-none-eabi-10.3-2021.10/bin/../lib/gcc/arm-none-eabi/10.3.1/../../../../arm-none-eabi/lib/thumb/v7-m/nofp\libg.a(lib_a-impure.o)
                0x08003ae4                _global_impure_ptr
                0x08003ae8                . = ALIGN (0x4)

.rel.dyn        0x08003ae8        0x0
 .rel.iplt      0x08003ae8        0x0 d:/embeddeddevelopment/gcc-arm-none-eabi-10.3-2021.10-win32/gcc-arm-none-eabi-10.3-2021.10/bin/../lib/gcc/arm-none-eabi/10.3.1/thumb/v7-m/nofp/crtbegin.o

.ARM.extab      0x08003ae8        0x0
                0x08003ae8                . = ALIGN (0x4)
 *(.ARM.extab* .gnu.linkonce.armextab.*)
                0x08003ae8                . = ALIGN (0x4)

.ARM            0x08003ae8        0x0
                0x08003ae8                . = ALIGN (0x4)
                0x08003ae8                __exidx_start = .
 *(.ARM.exidx*)
                0x08003ae8                __exidx_end = .
                0x08003ae8                . = ALIGN (0x4)

.preinit_array  0x08003ae8        0x0
                0x08003ae8                . = ALIGN (0x4)
                0x08003ae8                PROVIDE (__preinit_array_start = .)
 *(.preinit_array*)
                0x08003ae8                PROVIDE (__preinit_array_end = .)
                0x08003ae8                . = ALIGN (0x4)

.init_array     0x08003ae8        0x8
                0x08003ae8                . = ALIGN (0x4)
                0x08003ae8                PROVIDE (__init_array_start = .)
 *(SORT_BY_NAME(.init_array.*))
 .init_array.00000
                0x08003ae8        0x4 d:/embeddeddevelopment/gcc-arm-none-eabi-10.3-2021.10-win32/gcc-arm-none-eabi-10.3-2021.10/bin/../lib/gcc/arm-none-eabi/10.3.1/../../../../arm-none-eabi/lib/thumb/v7-m/nofp\libg.a(lib_a-__call_atexit.o)
 *(.init_array*)
 .init_array    0x08003aec        0x4 d:/embeddeddevelopment/gcc-arm-none-eabi-10.3-2021.10-win32/gcc-arm-none-eabi-10.3-2021.10/bin/../lib/gcc/arm-none-eabi/10.3.1/thumb/v7-m/nofp/crtbegin.o
                0x08003af0                PROVIDE (__init_array_end = .)
                0x08003af0                . = ALIGN (0x4)

.fini_array     0x08003af0        0x4
                0x08003af0                . = ALIGN (0x4)
                0x08003af0                PROVIDE (__fini_array_start = .)
 *(SORT_BY_NAME(.fini_array.*))
 *(.fini_array*)
 .fini_array    0x08003af0        0x4 d:/embeddeddevelopment/gcc-arm-none-eabi-10.3-2021.10-win32/gcc-arm-none-eabi-10.3-2021.10/bin/../lib/gcc/arm-none-eabi/10.3.1/thumb/v7-m/nofp/crtbegin.o
                0x08003af4                PROVIDE (__fini_array_end = .)
                0x08003af4                . = ALIGN (0x4)
                0x08003af4                _sidata = LOADADDR (.data)

.data           0x20000000      0x43c load address 0x08003af4
                0x20000000                . = ALIGN (0x4)
                0x20000000                _sdata = .
 *(.data)
 *(.data*)
 .data.SystemCoreClock
                0x20000000        0x4 CMakeFiles/chassis.elf.dir/Core/Src/system_stm32f1xx.c.obj
                0x20000000                SystemCoreClock
 .data.uwTickFreq
                0x20000004        0x1 CMakeFiles/chassis.elf.dir/Drivers/STM32F1xx_HAL_Driver/Src/stm32f1xx_hal.c.obj
                0x20000004                uwTickFreq
 *fill*         0x20000005        0x3 
 .data.uwTickPrio
                0x20000008        0x4 CMakeFiles/chassis.elf.dir/Drivers/STM32F1xx_HAL_Driver/Src/stm32f1xx_hal.c.obj
                0x20000008                uwTickPrio
 *fill*         0x2000000c        0x4 
 .data.impure_data
                0x20000010      0x428 d:/embeddeddevelopment/gcc-arm-none-eabi-10.3-2021.10-win32/gcc-arm-none-eabi-10.3-2021.10/bin/../lib/gcc/arm-none-eabi/10.3.1/../../../../arm-none-eabi/lib/thumb/v7-m/nofp\libg.a(lib_a-impure.o)
 .data.__atexit_recursive_mutex
                0x20000438        0x4 d:/embeddeddevelopment/gcc-arm-none-eabi-10.3-2021.10-win32/gcc-arm-none-eabi-10.3-2021.10/bin/../lib/gcc/arm-none-eabi/10.3.1/../../../../arm-none-eabi/lib/thumb/v7-m/nofp\libg.a(lib_a-__call_atexit.o)
                0x20000438                __atexit_recursive_mutex
 *(.RamFunc)
 *(.RamFunc*)
                0x2000043c                . = ALIGN (0x4)
                0x2000043c                _edata = .

.igot.plt       0x2000043c        0x0 load address 0x08003f30
 .igot.plt      0x2000043c        0x0 d:/embeddeddevelopment/gcc-arm-none-eabi-10.3-2021.10-win32/gcc-arm-none-eabi-10.3-2021.10/bin/../lib/gcc/arm-none-eabi/10.3.1/thumb/v7-m/nofp/crtbegin.o
                0x2000043c                . = ALIGN (0x4)

.bss            0x2000043c      0x268 load address 0x08003f30
                0x2000043c                _sbss = .
                0x2000043c                __bss_start__ = _sbss
 *(.bss)
 .bss           0x2000043c       0x1c d:/embeddeddevelopment/gcc-arm-none-eabi-10.3-2021.10-win32/gcc-arm-none-eabi-10.3-2021.10/bin/../lib/gcc/arm-none-eabi/10.3.1/thumb/v7-m/nofp/crtbegin.o
 *(.bss*)
 .bss.lift_motor
                0x20000458       0x18 CMakeFiles/chassis.elf.dir/Core/Src/main.c.obj
                0x20000458                lift_motor
 .bss.lm        0x20000470       0x2c CMakeFiles/chassis.elf.dir/Core/Src/main.c.obj
                0x20000470                lm
 .bss.receive   0x2000049c        0x8 CMakeFiles/chassis.elf.dir/Core/Src/main.c.obj
                0x2000049c                receive
 .bss.receivedate
                0x200004a4        0xb CMakeFiles/chassis.elf.dir/Core/Src/main.c.obj
                0x200004a4                receivedate
 *fill*         0x200004af        0x1 
 .bss.right_motor
                0x200004b0       0x18 CMakeFiles/chassis.elf.dir/Core/Src/main.c.obj
                0x200004b0                right_motor
 .bss.rm        0x200004c8       0x2c CMakeFiles/chassis.elf.dir/Core/Src/main.c.obj
                0x200004c8                rm
 .bss.htim1     0x200004f4       0x48 CMakeFiles/chassis.elf.dir/Core/Src/tim.c.obj
                0x200004f4                htim1
 .bss.htim2     0x2000053c       0x48 CMakeFiles/chassis.elf.dir/Core/Src/tim.c.obj
                0x2000053c                htim2
 .bss.htim3     0x20000584       0x48 CMakeFiles/chassis.elf.dir/Core/Src/tim.c.obj
                0x20000584                htim3
 .bss.hdma_usart1_rx
                0x200005cc       0x44 CMakeFiles/chassis.elf.dir/Core/Src/usart.c.obj
                0x200005cc                hdma_usart1_rx
 .bss.hdma_usart1_tx
                0x20000610       0x44 CMakeFiles/chassis.elf.dir/Core/Src/usart.c.obj
                0x20000610                hdma_usart1_tx
 .bss.huart1    0x20000654       0x48 CMakeFiles/chassis.elf.dir/Core/Src/usart.c.obj
                0x20000654                huart1
 .bss.uwTick    0x2000069c        0x4 CMakeFiles/chassis.elf.dir/Drivers/STM32F1xx_HAL_Driver/Src/stm32f1xx_hal.c.obj
                0x2000069c                uwTick
 .bss.__lock___atexit_recursive_mutex
                0x200006a0        0x1 d:/embeddeddevelopment/gcc-arm-none-eabi-10.3-2021.10-win32/gcc-arm-none-eabi-10.3-2021.10/bin/../lib/gcc/arm-none-eabi/10.3.1/../../../../arm-none-eabi/lib/thumb/v7-m/nofp\libg.a(lib_a-lock.o)
                0x200006a0                __lock___atexit_recursive_mutex
 *(COMMON)
                0x200006a4                . = ALIGN (0x4)
 *fill*         0x200006a1        0x3 
                0x200006a4                _ebss = .
                0x200006a4                __bss_end__ = _ebss

._user_heap_stack
                0x200006a4      0x604 load address 0x08003f30
                0x200006a8                . = ALIGN (0x8)
 *fill*         0x200006a4        0x4 
                [!provide]                PROVIDE (end = .)
                0x200006a8                PROVIDE (_end = .)
                0x200008a8                . = (. + _Min_Heap_Size)
 *fill*         0x200006a8      0x200 
                0x20000ca8                . = (. + _Min_Stack_Size)
 *fill*         0x200008a8      0x400 
                0x20000ca8                . = ALIGN (0x8)

/DISCARD/
 libc.a(*)
 libm.a(*)
 libgcc.a(*)

.ARM.attributes
                0x00000000       0x29
 *(.ARM.attributes)
 .ARM.attributes
                0x00000000       0x1d d:/embeddeddevelopment/gcc-arm-none-eabi-10.3-2021.10-win32/gcc-arm-none-eabi-10.3-2021.10/bin/../lib/gcc/arm-none-eabi/10.3.1/thumb/v7-m/nofp/crti.o
 .ARM.attributes
                0x0000001d       0x2d d:/embeddeddevelopment/gcc-arm-none-eabi-10.3-2021.10-win32/gcc-arm-none-eabi-10.3-2021.10/bin/../lib/gcc/arm-none-eabi/10.3.1/thumb/v7-m/nofp/crtbegin.o
 .ARM.attributes
                0x0000004a       0x2d CMakeFiles/chassis.elf.dir/Core/Src/dma.c.obj
 .ARM.attributes
                0x00000077       0x2d CMakeFiles/chassis.elf.dir/Core/Src/gpio.c.obj
 .ARM.attributes
                0x000000a4       0x2d CMakeFiles/chassis.elf.dir/Core/Src/main.c.obj
 .ARM.attributes
                0x000000d1       0x2d CMakeFiles/chassis.elf.dir/Core/Src/stm32f1xx_hal_msp.c.obj
 .ARM.attributes
                0x000000fe       0x2d CMakeFiles/chassis.elf.dir/Core/Src/stm32f1xx_it.c.obj
 .ARM.attributes
                0x0000012b       0x2d CMakeFiles/chassis.elf.dir/Core/Src/system_stm32f1xx.c.obj
 .ARM.attributes
                0x00000158       0x2d CMakeFiles/chassis.elf.dir/Core/Src/tim.c.obj
 .ARM.attributes
                0x00000185       0x2d CMakeFiles/chassis.elf.dir/Core/Src/usart.c.obj
 .ARM.attributes
                0x000001b2       0x21 CMakeFiles/chassis.elf.dir/Core/Startup/startup_stm32f103c8tx.s.obj
 .ARM.attributes
                0x000001d3       0x2d CMakeFiles/chassis.elf.dir/Drivers/STM32F1xx_HAL_Driver/Src/stm32f1xx_hal.c.obj
 .ARM.attributes
                0x00000200       0x2d CMakeFiles/chassis.elf.dir/Drivers/STM32F1xx_HAL_Driver/Src/stm32f1xx_hal_cortex.c.obj
 .ARM.attributes
                0x0000022d       0x2d CMakeFiles/chassis.elf.dir/Drivers/STM32F1xx_HAL_Driver/Src/stm32f1xx_hal_dma.c.obj
 .ARM.attributes
                0x0000025a       0x2d CMakeFiles/chassis.elf.dir/Drivers/STM32F1xx_HAL_Driver/Src/stm32f1xx_hal_gpio.c.obj
 .ARM.attributes
                0x00000287       0x2d CMakeFiles/chassis.elf.dir/Drivers/STM32F1xx_HAL_Driver/Src/stm32f1xx_hal_rcc.c.obj
 .ARM.attributes
                0x000002b4       0x2d CMakeFiles/chassis.elf.dir/Drivers/STM32F1xx_HAL_Driver/Src/stm32f1xx_hal_tim.c.obj
 .ARM.attributes
                0x000002e1       0x2d CMakeFiles/chassis.elf.dir/Drivers/STM32F1xx_HAL_Driver/Src/stm32f1xx_hal_tim_ex.c.obj
 .ARM.attributes
                0x0000030e       0x2d CMakeFiles/chassis.elf.dir/Drivers/STM32F1xx_HAL_Driver/Src/stm32f1xx_hal_uart.c.obj
 .ARM.attributes
                0x0000033b       0x1d d:/embeddeddevelopment/gcc-arm-none-eabi-10.3-2021.10-win32/gcc-arm-none-eabi-10.3-2021.10/bin/../lib/gcc/arm-none-eabi/10.3.1/thumb/v7-m/nofp\libgcc.a(_arm_addsubdf3.o)
 .ARM.attributes
                0x00000358       0x1d d:/embeddeddevelopment/gcc-arm-none-eabi-10.3-2021.10-win32/gcc-arm-none-eabi-10.3-2021.10/bin/../lib/gcc/arm-none-eabi/10.3.1/thumb/v7-m/nofp\libgcc.a(_arm_muldivdf3.o)
 .ARM.attributes
                0x00000375       0x1d d:/embeddeddevelopment/gcc-arm-none-eabi-10.3-2021.10-win32/gcc-arm-none-eabi-10.3-2021.10/bin/../lib/gcc/arm-none-eabi/10.3.1/thumb/v7-m/nofp\libgcc.a(_arm_truncdfsf2.o)
 .ARM.attributes
                0x00000392       0x1d d:/embeddeddevelopment/gcc-arm-none-eabi-10.3-2021.10-win32/gcc-arm-none-eabi-10.3-2021.10/bin/../lib/gcc/arm-none-eabi/10.3.1/thumb/v7-m/nofp\libgcc.a(_arm_addsubsf3.o)
 .ARM.attributes
                0x000003af       0x1d d:/embeddeddevelopment/gcc-arm-none-eabi-10.3-2021.10-win32/gcc-arm-none-eabi-10.3-2021.10/bin/../lib/gcc/arm-none-eabi/10.3.1/thumb/v7-m/nofp\libgcc.a(_arm_muldivsf3.o)
 .ARM.attributes
                0x000003cc       0x1d d:/embeddeddevelopment/gcc-arm-none-eabi-10.3-2021.10-win32/gcc-arm-none-eabi-10.3-2021.10/bin/../lib/gcc/arm-none-eabi/10.3.1/thumb/v7-m/nofp\libgcc.a(_arm_cmpsf2.o)
 .ARM.attributes
                0x000003e9       0x1d d:/embeddeddevelopment/gcc-arm-none-eabi-10.3-2021.10-win32/gcc-arm-none-eabi-10.3-2021.10/bin/../lib/gcc/arm-none-eabi/10.3.1/thumb/v7-m/nofp\libgcc.a(_arm_fixunssfsi.o)
 .ARM.attributes
                0x00000406       0x2d d:/embeddeddevelopment/gcc-arm-none-eabi-10.3-2021.10-win32/gcc-arm-none-eabi-10.3-2021.10/bin/../lib/gcc/arm-none-eabi/10.3.1/../../../../arm-none-eabi/lib/thumb/v7-m/nofp\libg.a(lib_a-impure.o)
 .ARM.attributes
                0x00000433       0x2d d:/embeddeddevelopment/gcc-arm-none-eabi-10.3-2021.10-win32/gcc-arm-none-eabi-10.3-2021.10/bin/../lib/gcc/arm-none-eabi/10.3.1/../../../../arm-none-eabi/lib/thumb/v7-m/nofp\libg.a(lib_a-init.o)
 .ARM.attributes
                0x00000460       0x2d d:/embeddeddevelopment/gcc-arm-none-eabi-10.3-2021.10-win32/gcc-arm-none-eabi-10.3-2021.10/bin/../lib/gcc/arm-none-eabi/10.3.1/../../../../arm-none-eabi/lib/thumb/v7-m/nofp\libg.a(lib_a-memset.o)
 .ARM.attributes
                0x0000048d       0x2d d:/embeddeddevelopment/gcc-arm-none-eabi-10.3-2021.10-win32/gcc-arm-none-eabi-10.3-2021.10/bin/../lib/gcc/arm-none-eabi/10.3.1/../../../../arm-none-eabi/lib/thumb/v7-m/nofp\libg.a(lib_a-__call_atexit.o)
 .ARM.attributes
                0x000004ba       0x2d d:/embeddeddevelopment/gcc-arm-none-eabi-10.3-2021.10-win32/gcc-arm-none-eabi-10.3-2021.10/bin/../lib/gcc/arm-none-eabi/10.3.1/../../../../arm-none-eabi/lib/thumb/v7-m/nofp\libg.a(lib_a-atexit.o)
 .ARM.attributes
                0x000004e7       0x2d d:/embeddeddevelopment/gcc-arm-none-eabi-10.3-2021.10-win32/gcc-arm-none-eabi-10.3-2021.10/bin/../lib/gcc/arm-none-eabi/10.3.1/../../../../arm-none-eabi/lib/thumb/v7-m/nofp\libg.a(lib_a-fini.o)
 .ARM.attributes
                0x00000514       0x2d d:/embeddeddevelopment/gcc-arm-none-eabi-10.3-2021.10-win32/gcc-arm-none-eabi-10.3-2021.10/bin/../lib/gcc/arm-none-eabi/10.3.1/../../../../arm-none-eabi/lib/thumb/v7-m/nofp\libg.a(lib_a-lock.o)
 .ARM.attributes
                0x00000541       0x2d d:/embeddeddevelopment/gcc-arm-none-eabi-10.3-2021.10-win32/gcc-arm-none-eabi-10.3-2021.10/bin/../lib/gcc/arm-none-eabi/10.3.1/../../../../arm-none-eabi/lib/thumb/v7-m/nofp\libg.a(lib_a-__atexit.o)
 .ARM.attributes
                0x0000056e       0x1d d:/embeddeddevelopment/gcc-arm-none-eabi-10.3-2021.10-win32/gcc-arm-none-eabi-10.3-2021.10/bin/../lib/gcc/arm-none-eabi/10.3.1/thumb/v7-m/nofp/crtn.o
OUTPUT(chassis.elf elf32-littlearm)
LOAD linker stubs
LOAD d:/embeddeddevelopment/gcc-arm-none-eabi-10.3-2021.10-win32/gcc-arm-none-eabi-10.3-2021.10/bin/../lib/gcc/arm-none-eabi/10.3.1/../../../../arm-none-eabi/lib/thumb/v7-m/nofp\libc.a
LOAD d:/embeddeddevelopment/gcc-arm-none-eabi-10.3-2021.10-win32/gcc-arm-none-eabi-10.3-2021.10/bin/../lib/gcc/arm-none-eabi/10.3.1/../../../../arm-none-eabi/lib/thumb/v7-m/nofp\libm.a
LOAD d:/embeddeddevelopment/gcc-arm-none-eabi-10.3-2021.10-win32/gcc-arm-none-eabi-10.3-2021.10/bin/../lib/gcc/arm-none-eabi/10.3.1/thumb/v7-m/nofp\libgcc.a

.debug_info     0x00000000    0x11124
 .debug_info    0x00000000      0x324 CMakeFiles/chassis.elf.dir/Core/Src/dma.c.obj
 .debug_info    0x00000324      0x387 CMakeFiles/chassis.elf.dir/Core/Src/gpio.c.obj
 .debug_info    0x000006ab     0x17a7 CMakeFiles/chassis.elf.dir/Core/Src/main.c.obj
 .debug_info    0x00001e52      0x211 CMakeFiles/chassis.elf.dir/Core/Src/stm32f1xx_hal_msp.c.obj
 .debug_info    0x00002063      0xa88 CMakeFiles/chassis.elf.dir/Core/Src/stm32f1xx_it.c.obj
 .debug_info    0x00002aeb      0x248 CMakeFiles/chassis.elf.dir/Core/Src/system_stm32f1xx.c.obj
 .debug_info    0x00002d33     0x11bd CMakeFiles/chassis.elf.dir/Core/Src/tim.c.obj
 .debug_info    0x00003ef0      0xa9f CMakeFiles/chassis.elf.dir/Core/Src/usart.c.obj
 .debug_info    0x0000498f       0x22 CMakeFiles/chassis.elf.dir/Core/Startup/startup_stm32f103c8tx.s.obj
 .debug_info    0x000049b1      0x7a8 CMakeFiles/chassis.elf.dir/Drivers/STM32F1xx_HAL_Driver/Src/stm32f1xx_hal.c.obj
 .debug_info    0x00005159      0xd8a CMakeFiles/chassis.elf.dir/Drivers/STM32F1xx_HAL_Driver/Src/stm32f1xx_hal_cortex.c.obj
 .debug_info    0x00005ee3      0x84b CMakeFiles/chassis.elf.dir/Drivers/STM32F1xx_HAL_Driver/Src/stm32f1xx_hal_dma.c.obj
 .debug_info    0x0000672e      0x66f CMakeFiles/chassis.elf.dir/Drivers/STM32F1xx_HAL_Driver/Src/stm32f1xx_hal_gpio.c.obj
 .debug_info    0x00006d9d      0xa3b CMakeFiles/chassis.elf.dir/Drivers/STM32F1xx_HAL_Driver/Src/stm32f1xx_hal_rcc.c.obj
 .debug_info    0x000077d8     0x3d7c CMakeFiles/chassis.elf.dir/Drivers/STM32F1xx_HAL_Driver/Src/stm32f1xx_hal_tim.c.obj
 .debug_info    0x0000b554     0x1abb CMakeFiles/chassis.elf.dir/Drivers/STM32F1xx_HAL_Driver/Src/stm32f1xx_hal_tim_ex.c.obj
 .debug_info    0x0000d00f     0x4115 CMakeFiles/chassis.elf.dir/Drivers/STM32F1xx_HAL_Driver/Src/stm32f1xx_hal_uart.c.obj

.debug_abbrev   0x00000000     0x20fc
 .debug_abbrev  0x00000000      0x114 CMakeFiles/chassis.elf.dir/Core/Src/dma.c.obj
 .debug_abbrev  0x00000114      0x13c CMakeFiles/chassis.elf.dir/Core/Src/gpio.c.obj
 .debug_abbrev  0x00000250      0x394 CMakeFiles/chassis.elf.dir/Core/Src/main.c.obj
 .debug_abbrev  0x000005e4       0xe5 CMakeFiles/chassis.elf.dir/Core/Src/stm32f1xx_hal_msp.c.obj
 .debug_abbrev  0x000006c9      0x19c CMakeFiles/chassis.elf.dir/Core/Src/stm32f1xx_it.c.obj
 .debug_abbrev  0x00000865      0x13e CMakeFiles/chassis.elf.dir/Core/Src/system_stm32f1xx.c.obj
 .debug_abbrev  0x000009a3      0x241 CMakeFiles/chassis.elf.dir/Core/Src/tim.c.obj
 .debug_abbrev  0x00000be4      0x1e4 CMakeFiles/chassis.elf.dir/Core/Src/usart.c.obj
 .debug_abbrev  0x00000dc8       0x12 CMakeFiles/chassis.elf.dir/Core/Startup/startup_stm32f103c8tx.s.obj
 .debug_abbrev  0x00000dda      0x1f4 CMakeFiles/chassis.elf.dir/Drivers/STM32F1xx_HAL_Driver/Src/stm32f1xx_hal.c.obj
 .debug_abbrev  0x00000fce      0x341 CMakeFiles/chassis.elf.dir/Drivers/STM32F1xx_HAL_Driver/Src/stm32f1xx_hal_cortex.c.obj
 .debug_abbrev  0x0000130f      0x223 CMakeFiles/chassis.elf.dir/Drivers/STM32F1xx_HAL_Driver/Src/stm32f1xx_hal_dma.c.obj
 .debug_abbrev  0x00001532      0x1e6 CMakeFiles/chassis.elf.dir/Drivers/STM32F1xx_HAL_Driver/Src/stm32f1xx_hal_gpio.c.obj
 .debug_abbrev  0x00001718      0x27a CMakeFiles/chassis.elf.dir/Drivers/STM32F1xx_HAL_Driver/Src/stm32f1xx_hal_rcc.c.obj
 .debug_abbrev  0x00001992      0x245 CMakeFiles/chassis.elf.dir/Drivers/STM32F1xx_HAL_Driver/Src/stm32f1xx_hal_tim.c.obj
 .debug_abbrev  0x00001bd7      0x248 CMakeFiles/chassis.elf.dir/Drivers/STM32F1xx_HAL_Driver/Src/stm32f1xx_hal_tim_ex.c.obj
 .debug_abbrev  0x00001e1f      0x2dd CMakeFiles/chassis.elf.dir/Drivers/STM32F1xx_HAL_Driver/Src/stm32f1xx_hal_uart.c.obj

.debug_aranges  0x00000000      0xc50
 .debug_aranges
                0x00000000       0x20 CMakeFiles/chassis.elf.dir/Core/Src/dma.c.obj
 .debug_aranges
                0x00000020       0x20 CMakeFiles/chassis.elf.dir/Core/Src/gpio.c.obj
 .debug_aranges
                0x00000040       0x70 CMakeFiles/chassis.elf.dir/Core/Src/main.c.obj
 .debug_aranges
                0x000000b0       0x20 CMakeFiles/chassis.elf.dir/Core/Src/stm32f1xx_hal_msp.c.obj
 .debug_aranges
                0x000000d0       0x90 CMakeFiles/chassis.elf.dir/Core/Src/stm32f1xx_it.c.obj
 .debug_aranges
                0x00000160       0x28 CMakeFiles/chassis.elf.dir/Core/Src/system_stm32f1xx.c.obj
 .debug_aranges
                0x00000188       0x58 CMakeFiles/chassis.elf.dir/Core/Src/tim.c.obj
 .debug_aranges
                0x000001e0       0x30 CMakeFiles/chassis.elf.dir/Core/Src/usart.c.obj
 .debug_aranges
                0x00000210       0x28 CMakeFiles/chassis.elf.dir/Core/Startup/startup_stm32f103c8tx.s.obj
 .debug_aranges
                0x00000238       0xe0 CMakeFiles/chassis.elf.dir/Drivers/STM32F1xx_HAL_Driver/Src/stm32f1xx_hal.c.obj
 .debug_aranges
                0x00000318       0x90 CMakeFiles/chassis.elf.dir/Drivers/STM32F1xx_HAL_Driver/Src/stm32f1xx_hal_cortex.c.obj
 .debug_aranges
                0x000003a8       0x80 CMakeFiles/chassis.elf.dir/Drivers/STM32F1xx_HAL_Driver/Src/stm32f1xx_hal_dma.c.obj
 .debug_aranges
                0x00000428       0x58 CMakeFiles/chassis.elf.dir/Drivers/STM32F1xx_HAL_Driver/Src/stm32f1xx_hal_gpio.c.obj
 .debug_aranges
                0x00000480       0x90 CMakeFiles/chassis.elf.dir/Drivers/STM32F1xx_HAL_Driver/Src/stm32f1xx_hal_rcc.c.obj
 .debug_aranges
                0x00000510      0x3d0 CMakeFiles/chassis.elf.dir/Drivers/STM32F1xx_HAL_Driver/Src/stm32f1xx_hal_tim.c.obj
 .debug_aranges
                0x000008e0      0x168 CMakeFiles/chassis.elf.dir/Drivers/STM32F1xx_HAL_Driver/Src/stm32f1xx_hal_tim_ex.c.obj
 .debug_aranges
                0x00000a48      0x208 CMakeFiles/chassis.elf.dir/Drivers/STM32F1xx_HAL_Driver/Src/stm32f1xx_hal_uart.c.obj

.debug_ranges   0x00000000      0xc40
 .debug_ranges  0x00000000       0x10 CMakeFiles/chassis.elf.dir/Core/Src/dma.c.obj
 .debug_ranges  0x00000010       0x10 CMakeFiles/chassis.elf.dir/Core/Src/gpio.c.obj
 .debug_ranges  0x00000020       0xc0 CMakeFiles/chassis.elf.dir/Core/Src/main.c.obj
 .debug_ranges  0x000000e0       0x10 CMakeFiles/chassis.elf.dir/Core/Src/stm32f1xx_hal_msp.c.obj
 .debug_ranges  0x000000f0       0x80 CMakeFiles/chassis.elf.dir/Core/Src/stm32f1xx_it.c.obj
 .debug_ranges  0x00000170       0x18 CMakeFiles/chassis.elf.dir/Core/Src/system_stm32f1xx.c.obj
 .debug_ranges  0x00000188       0x48 CMakeFiles/chassis.elf.dir/Core/Src/tim.c.obj
 .debug_ranges  0x000001d0       0x20 CMakeFiles/chassis.elf.dir/Core/Src/usart.c.obj
 .debug_ranges  0x000001f0       0x20 CMakeFiles/chassis.elf.dir/Core/Startup/startup_stm32f103c8tx.s.obj
 .debug_ranges  0x00000210       0xd0 CMakeFiles/chassis.elf.dir/Drivers/STM32F1xx_HAL_Driver/Src/stm32f1xx_hal.c.obj
 .debug_ranges  0x000002e0       0xe0 CMakeFiles/chassis.elf.dir/Drivers/STM32F1xx_HAL_Driver/Src/stm32f1xx_hal_cortex.c.obj
 .debug_ranges  0x000003c0       0x70 CMakeFiles/chassis.elf.dir/Drivers/STM32F1xx_HAL_Driver/Src/stm32f1xx_hal_dma.c.obj
 .debug_ranges  0x00000430       0x48 CMakeFiles/chassis.elf.dir/Drivers/STM32F1xx_HAL_Driver/Src/stm32f1xx_hal_gpio.c.obj
 .debug_ranges  0x00000478       0xa0 CMakeFiles/chassis.elf.dir/Drivers/STM32F1xx_HAL_Driver/Src/stm32f1xx_hal_rcc.c.obj
 .debug_ranges  0x00000518      0x3c0 CMakeFiles/chassis.elf.dir/Drivers/STM32F1xx_HAL_Driver/Src/stm32f1xx_hal_tim.c.obj
 .debug_ranges  0x000008d8      0x158 CMakeFiles/chassis.elf.dir/Drivers/STM32F1xx_HAL_Driver/Src/stm32f1xx_hal_tim_ex.c.obj
 .debug_ranges  0x00000a30      0x210 CMakeFiles/chassis.elf.dir/Drivers/STM32F1xx_HAL_Driver/Src/stm32f1xx_hal_uart.c.obj

.debug_line     0x00000000     0xf8aa
 .debug_line    0x00000000      0x244 CMakeFiles/chassis.elf.dir/Core/Src/dma.c.obj
 .debug_line    0x00000244      0x2bf CMakeFiles/chassis.elf.dir/Core/Src/gpio.c.obj
 .debug_line    0x00000503      0x9b5 CMakeFiles/chassis.elf.dir/Core/Src/main.c.obj
 .debug_line    0x00000eb8      0x1fb CMakeFiles/chassis.elf.dir/Core/Src/stm32f1xx_hal_msp.c.obj
 .debug_line    0x000010b3      0x425 CMakeFiles/chassis.elf.dir/Core/Src/stm32f1xx_it.c.obj
 .debug_line    0x000014d8      0x2c4 CMakeFiles/chassis.elf.dir/Core/Src/system_stm32f1xx.c.obj
 .debug_line    0x0000179c      0x6f8 CMakeFiles/chassis.elf.dir/Core/Src/tim.c.obj
 .debug_line    0x00001e94      0x47e CMakeFiles/chassis.elf.dir/Core/Src/usart.c.obj
 .debug_line    0x00002312       0xa8 CMakeFiles/chassis.elf.dir/Core/Startup/startup_stm32f103c8tx.s.obj
 .debug_line    0x000023ba      0x5f6 CMakeFiles/chassis.elf.dir/Drivers/STM32F1xx_HAL_Driver/Src/stm32f1xx_hal.c.obj
 .debug_line    0x000029b0      0x6dc CMakeFiles/chassis.elf.dir/Drivers/STM32F1xx_HAL_Driver/Src/stm32f1xx_hal_cortex.c.obj
 .debug_line    0x0000308c      0xafd CMakeFiles/chassis.elf.dir/Drivers/STM32F1xx_HAL_Driver/Src/stm32f1xx_hal_dma.c.obj
 .debug_line    0x00003b89      0x684 CMakeFiles/chassis.elf.dir/Drivers/STM32F1xx_HAL_Driver/Src/stm32f1xx_hal_gpio.c.obj
 .debug_line    0x0000420d      0xcc1 CMakeFiles/chassis.elf.dir/Drivers/STM32F1xx_HAL_Driver/Src/stm32f1xx_hal_rcc.c.obj
 .debug_line    0x00004ece     0x4a0f CMakeFiles/chassis.elf.dir/Drivers/STM32F1xx_HAL_Driver/Src/stm32f1xx_hal_tim.c.obj
 .debug_line    0x000098dd     0x1c6e CMakeFiles/chassis.elf.dir/Drivers/STM32F1xx_HAL_Driver/Src/stm32f1xx_hal_tim_ex.c.obj
 .debug_line    0x0000b54b     0x435f CMakeFiles/chassis.elf.dir/Drivers/STM32F1xx_HAL_Driver/Src/stm32f1xx_hal_uart.c.obj

.debug_str      0x00000000     0x3bca
 .debug_str     0x00000000      0x4e5 CMakeFiles/chassis.elf.dir/Core/Src/dma.c.obj
                                0x522 (size before relaxing)
 .debug_str     0x000004e5       0xcc CMakeFiles/chassis.elf.dir/Core/Src/gpio.c.obj
                                0x2bf (size before relaxing)
 .debug_str     0x000005b1      0xb03 CMakeFiles/chassis.elf.dir/Core/Src/main.c.obj
                                0xdd3 (size before relaxing)
 .debug_str     0x000010b4       0x7c CMakeFiles/chassis.elf.dir/Core/Src/stm32f1xx_hal_msp.c.obj
                                0x261 (size before relaxing)
 .debug_str     0x00001130      0x1a8 CMakeFiles/chassis.elf.dir/Core/Src/stm32f1xx_it.c.obj
                                0xa37 (size before relaxing)
 .debug_str     0x000012d8       0xa0 CMakeFiles/chassis.elf.dir/Core/Src/system_stm32f1xx.c.obj
                                0x296 (size before relaxing)
 .debug_str     0x00001378      0x3c7 CMakeFiles/chassis.elf.dir/Core/Src/tim.c.obj
                                0xe5c (size before relaxing)
 .debug_str     0x0000173f       0x8f CMakeFiles/chassis.elf.dir/Core/Src/usart.c.obj
                                0xa4d (size before relaxing)
 .debug_str     0x000017ce       0x58 CMakeFiles/chassis.elf.dir/Core/Startup/startup_stm32f103c8tx.s.obj
                                 0x8f (size before relaxing)
 .debug_str     0x00001826      0x330 CMakeFiles/chassis.elf.dir/Drivers/STM32F1xx_HAL_Driver/Src/stm32f1xx_hal.c.obj
                                0x866 (size before relaxing)
 .debug_str     0x00001b56      0x3c0 CMakeFiles/chassis.elf.dir/Drivers/STM32F1xx_HAL_Driver/Src/stm32f1xx_hal_cortex.c.obj
                                0x915 (size before relaxing)
 .debug_str     0x00001f16      0x232 CMakeFiles/chassis.elf.dir/Drivers/STM32F1xx_HAL_Driver/Src/stm32f1xx_hal_dma.c.obj
                                0x63f (size before relaxing)
 .debug_str     0x00002148      0x137 CMakeFiles/chassis.elf.dir/Drivers/STM32F1xx_HAL_Driver/Src/stm32f1xx_hal_gpio.c.obj
                                0x442 (size before relaxing)
 .debug_str     0x0000227f      0x216 CMakeFiles/chassis.elf.dir/Drivers/STM32F1xx_HAL_Driver/Src/stm32f1xx_hal_rcc.c.obj
                                0x66d (size before relaxing)
 .debug_str     0x00002495      0xcbb CMakeFiles/chassis.elf.dir/Drivers/STM32F1xx_HAL_Driver/Src/stm32f1xx_hal_tim.c.obj
                               0x1691 (size before relaxing)
 .debug_str     0x00003150      0x494 CMakeFiles/chassis.elf.dir/Drivers/STM32F1xx_HAL_Driver/Src/stm32f1xx_hal_tim_ex.c.obj
                                0xe82 (size before relaxing)
 .debug_str     0x000035e4      0x5e6 CMakeFiles/chassis.elf.dir/Drivers/STM32F1xx_HAL_Driver/Src/stm32f1xx_hal_uart.c.obj
                                0xd36 (size before relaxing)

.comment        0x00000000       0x49
 .comment       0x00000000       0x49 CMakeFiles/chassis.elf.dir/Core/Src/dma.c.obj
                                 0x4a (size before relaxing)
 .comment       0x00000049       0x4a CMakeFiles/chassis.elf.dir/Core/Src/gpio.c.obj
 .comment       0x00000049       0x4a CMakeFiles/chassis.elf.dir/Core/Src/main.c.obj
 .comment       0x00000049       0x4a CMakeFiles/chassis.elf.dir/Core/Src/stm32f1xx_hal_msp.c.obj
 .comment       0x00000049       0x4a CMakeFiles/chassis.elf.dir/Core/Src/stm32f1xx_it.c.obj
 .comment       0x00000049       0x4a CMakeFiles/chassis.elf.dir/Core/Src/system_stm32f1xx.c.obj
 .comment       0x00000049       0x4a CMakeFiles/chassis.elf.dir/Core/Src/tim.c.obj
 .comment       0x00000049       0x4a CMakeFiles/chassis.elf.dir/Core/Src/usart.c.obj
 .comment       0x00000049       0x4a CMakeFiles/chassis.elf.dir/Drivers/STM32F1xx_HAL_Driver/Src/stm32f1xx_hal.c.obj
 .comment       0x00000049       0x4a CMakeFiles/chassis.elf.dir/Drivers/STM32F1xx_HAL_Driver/Src/stm32f1xx_hal_cortex.c.obj
 .comment       0x00000049       0x4a CMakeFiles/chassis.elf.dir/Drivers/STM32F1xx_HAL_Driver/Src/stm32f1xx_hal_dma.c.obj
 .comment       0x00000049       0x4a CMakeFiles/chassis.elf.dir/Drivers/STM32F1xx_HAL_Driver/Src/stm32f1xx_hal_gpio.c.obj
 .comment       0x00000049       0x4a CMakeFiles/chassis.elf.dir/Drivers/STM32F1xx_HAL_Driver/Src/stm32f1xx_hal_rcc.c.obj
 .comment       0x00000049       0x4a CMakeFiles/chassis.elf.dir/Drivers/STM32F1xx_HAL_Driver/Src/stm32f1xx_hal_tim.c.obj
 .comment       0x00000049       0x4a CMakeFiles/chassis.elf.dir/Drivers/STM32F1xx_HAL_Driver/Src/stm32f1xx_hal_tim_ex.c.obj
 .comment       0x00000049       0x4a CMakeFiles/chassis.elf.dir/Drivers/STM32F1xx_HAL_Driver/Src/stm32f1xx_hal_uart.c.obj

.debug_frame    0x00000000     0x2490
 .debug_frame   0x00000000       0x2c CMakeFiles/chassis.elf.dir/Core/Src/dma.c.obj
 .debug_frame   0x0000002c       0x38 CMakeFiles/chassis.elf.dir/Core/Src/gpio.c.obj
 .debug_frame   0x00000064      0x124 CMakeFiles/chassis.elf.dir/Core/Src/main.c.obj
 .debug_frame   0x00000188       0x28 CMakeFiles/chassis.elf.dir/Core/Src/stm32f1xx_hal_msp.c.obj
 .debug_frame   0x000001b0      0x138 CMakeFiles/chassis.elf.dir/Core/Src/stm32f1xx_it.c.obj
 .debug_frame   0x000002e8       0x30 CMakeFiles/chassis.elf.dir/Core/Src/system_stm32f1xx.c.obj
 .debug_frame   0x00000318      0x100 CMakeFiles/chassis.elf.dir/Core/Src/tim.c.obj
 .debug_frame   0x00000418       0x64 CMakeFiles/chassis.elf.dir/Core/Src/usart.c.obj
 .debug_frame   0x0000047c      0x1cc CMakeFiles/chassis.elf.dir/Drivers/STM32F1xx_HAL_Driver/Src/stm32f1xx_hal.c.obj
 .debug_frame   0x00000648      0x118 CMakeFiles/chassis.elf.dir/Drivers/STM32F1xx_HAL_Driver/Src/stm32f1xx_hal_cortex.c.obj
 .debug_frame   0x00000760      0x144 CMakeFiles/chassis.elf.dir/Drivers/STM32F1xx_HAL_Driver/Src/stm32f1xx_hal_dma.c.obj
 .debug_frame   0x000008a4       0xe4 CMakeFiles/chassis.elf.dir/Drivers/STM32F1xx_HAL_Driver/Src/stm32f1xx_hal_gpio.c.obj
 .debug_frame   0x00000988      0x184 CMakeFiles/chassis.elf.dir/Drivers/STM32F1xx_HAL_Driver/Src/stm32f1xx_hal_rcc.c.obj
 .debug_frame   0x00000b0c      0xb1c CMakeFiles/chassis.elf.dir/Drivers/STM32F1xx_HAL_Driver/Src/stm32f1xx_hal_tim.c.obj
 .debug_frame   0x00001628      0x40c CMakeFiles/chassis.elf.dir/Drivers/STM32F1xx_HAL_Driver/Src/stm32f1xx_hal_tim_ex.c.obj
 .debug_frame   0x00001a34      0x5e0 CMakeFiles/chassis.elf.dir/Drivers/STM32F1xx_HAL_Driver/Src/stm32f1xx_hal_uart.c.obj
 .debug_frame   0x00002014       0xac d:/embeddeddevelopment/gcc-arm-none-eabi-10.3-2021.10-win32/gcc-arm-none-eabi-10.3-2021.10/bin/../lib/gcc/arm-none-eabi/10.3.1/thumb/v7-m/nofp\libgcc.a(_arm_addsubdf3.o)
 .debug_frame   0x000020c0       0x50 d:/embeddeddevelopment/gcc-arm-none-eabi-10.3-2021.10-win32/gcc-arm-none-eabi-10.3-2021.10/bin/../lib/gcc/arm-none-eabi/10.3.1/thumb/v7-m/nofp\libgcc.a(_arm_muldivdf3.o)
 .debug_frame   0x00002110       0x24 d:/embeddeddevelopment/gcc-arm-none-eabi-10.3-2021.10-win32/gcc-arm-none-eabi-10.3-2021.10/bin/../lib/gcc/arm-none-eabi/10.3.1/thumb/v7-m/nofp\libgcc.a(_arm_truncdfsf2.o)
 .debug_frame   0x00002134       0x4c d:/embeddeddevelopment/gcc-arm-none-eabi-10.3-2021.10-win32/gcc-arm-none-eabi-10.3-2021.10/bin/../lib/gcc/arm-none-eabi/10.3.1/thumb/v7-m/nofp\libgcc.a(_arm_addsubsf3.o)
 .debug_frame   0x00002180       0x38 d:/embeddeddevelopment/gcc-arm-none-eabi-10.3-2021.10-win32/gcc-arm-none-eabi-10.3-2021.10/bin/../lib/gcc/arm-none-eabi/10.3.1/thumb/v7-m/nofp\libgcc.a(_arm_muldivsf3.o)
 .debug_frame   0x000021b8       0xc8 d:/embeddeddevelopment/gcc-arm-none-eabi-10.3-2021.10-win32/gcc-arm-none-eabi-10.3-2021.10/bin/../lib/gcc/arm-none-eabi/10.3.1/thumb/v7-m/nofp\libgcc.a(_arm_cmpsf2.o)
 .debug_frame   0x00002280       0x24 d:/embeddeddevelopment/gcc-arm-none-eabi-10.3-2021.10-win32/gcc-arm-none-eabi-10.3-2021.10/bin/../lib/gcc/arm-none-eabi/10.3.1/thumb/v7-m/nofp\libgcc.a(_arm_fixunssfsi.o)
 .debug_frame   0x000022a4       0x2c d:/embeddeddevelopment/gcc-arm-none-eabi-10.3-2021.10-win32/gcc-arm-none-eabi-10.3-2021.10/bin/../lib/gcc/arm-none-eabi/10.3.1/../../../../arm-none-eabi/lib/thumb/v7-m/nofp\libg.a(lib_a-init.o)
 .debug_frame   0x000022d0       0x2c d:/embeddeddevelopment/gcc-arm-none-eabi-10.3-2021.10-win32/gcc-arm-none-eabi-10.3-2021.10/bin/../lib/gcc/arm-none-eabi/10.3.1/../../../../arm-none-eabi/lib/thumb/v7-m/nofp\libg.a(lib_a-memset.o)
 .debug_frame   0x000022fc       0x5c d:/embeddeddevelopment/gcc-arm-none-eabi-10.3-2021.10-win32/gcc-arm-none-eabi-10.3-2021.10/bin/../lib/gcc/arm-none-eabi/10.3.1/../../../../arm-none-eabi/lib/thumb/v7-m/nofp\libg.a(lib_a-__call_atexit.o)
 .debug_frame   0x00002358       0x20 d:/embeddeddevelopment/gcc-arm-none-eabi-10.3-2021.10-win32/gcc-arm-none-eabi-10.3-2021.10/bin/../lib/gcc/arm-none-eabi/10.3.1/../../../../arm-none-eabi/lib/thumb/v7-m/nofp\libg.a(lib_a-atexit.o)
 .debug_frame   0x00002378       0x34 d:/embeddeddevelopment/gcc-arm-none-eabi-10.3-2021.10-win32/gcc-arm-none-eabi-10.3-2021.10/bin/../lib/gcc/arm-none-eabi/10.3.1/../../../../arm-none-eabi/lib/thumb/v7-m/nofp\libg.a(lib_a-fini.o)
 .debug_frame   0x000023ac       0xb0 d:/embeddeddevelopment/gcc-arm-none-eabi-10.3-2021.10-win32/gcc-arm-none-eabi-10.3-2021.10/bin/../lib/gcc/arm-none-eabi/10.3.1/../../../../arm-none-eabi/lib/thumb/v7-m/nofp\libg.a(lib_a-lock.o)
 .debug_frame   0x0000245c       0x34 d:/embeddeddevelopment/gcc-arm-none-eabi-10.3-2021.10-win32/gcc-arm-none-eabi-10.3-2021.10/bin/../lib/gcc/arm-none-eabi/10.3.1/../../../../arm-none-eabi/lib/thumb/v7-m/nofp\libg.a(lib_a-__atexit.o)

.debug_loc      0x00000000     0xd634
 .debug_loc     0x00000000      0x410 CMakeFiles/chassis.elf.dir/Core/Src/main.c.obj
 .debug_loc     0x00000410       0x15 CMakeFiles/chassis.elf.dir/Core/Src/stm32f1xx_hal_msp.c.obj
 .debug_loc     0x00000425       0xff CMakeFiles/chassis.elf.dir/Core/Src/system_stm32f1xx.c.obj
 .debug_loc     0x00000524      0x167 CMakeFiles/chassis.elf.dir/Core/Src/tim.c.obj
 .debug_loc     0x0000068b       0x71 CMakeFiles/chassis.elf.dir/Core/Src/usart.c.obj
 .debug_loc     0x000006fc      0x141 CMakeFiles/chassis.elf.dir/Drivers/STM32F1xx_HAL_Driver/Src/stm32f1xx_hal.c.obj
 .debug_loc     0x0000083d      0x71f CMakeFiles/chassis.elf.dir/Drivers/STM32F1xx_HAL_Driver/Src/stm32f1xx_hal_cortex.c.obj
 .debug_loc     0x00000f5c      0x7d1 CMakeFiles/chassis.elf.dir/Drivers/STM32F1xx_HAL_Driver/Src/stm32f1xx_hal_dma.c.obj
 .debug_loc     0x0000172d      0x47d CMakeFiles/chassis.elf.dir/Drivers/STM32F1xx_HAL_Driver/Src/stm32f1xx_hal_gpio.c.obj
 .debug_loc     0x00001baa      0x618 CMakeFiles/chassis.elf.dir/Drivers/STM32F1xx_HAL_Driver/Src/stm32f1xx_hal_rcc.c.obj
 .debug_loc     0x000021c2     0x5124 CMakeFiles/chassis.elf.dir/Drivers/STM32F1xx_HAL_Driver/Src/stm32f1xx_hal_tim.c.obj
 .debug_loc     0x000072e6     0x1c93 CMakeFiles/chassis.elf.dir/Drivers/STM32F1xx_HAL_Driver/Src/stm32f1xx_hal_tim_ex.c.obj
 .debug_loc     0x00008f79     0x46bb CMakeFiles/chassis.elf.dir/Drivers/STM32F1xx_HAL_Driver/Src/stm32f1xx_hal_uart.c.obj
